Archive member included to satisfy reference by file (symbol)

app/libapp.a(main.c.obj)      (--whole-archive)
app/libapp.a(lz4.c.obj)       (--whole-archive)
zephyr/libzephyr.a(heap.c.obj)
                              (--whole-archive)
zephyr/libzephyr.a(cbprintf_packaged.c.obj)
                              (--whole-archive)
zephyr/libzephyr.a(printk.c.obj)
                              (--whole-archive)
zephyr/libzephyr.a(sem.c.obj)
                              (--whole-archive)
zephyr/libzephyr.a(thread_entry.c.obj)
                              (--whole-archive)
zephyr/libzephyr.a(cbprintf_complete.c.obj)
                              (--whole-archive)
zephyr/libzephyr.a(assert.c.obj)
                              (--whole-archive)
zephyr/libzephyr.a(dec.c.obj)
                              (--whole-archive)
zephyr/libzephyr.a(hex.c.obj)
                              (--whole-archive)
zephyr/libzephyr.a(rb.c.obj)  (--whole-archive)
zephyr/libzephyr.a(timeutil.c.obj)
                              (--whole-archive)
zephyr/libzephyr.a(bitarray.c.obj)
                              (--whole-archive)
zephyr/libzephyr.a(onoff.c.obj)
                              (--whole-archive)
zephyr/libzephyr.a(notify.c.obj)
                              (--whole-archive)
zephyr/libzephyr.a(last_section_id.c.obj)
                              (--whole-archive)
zephyr/libzephyr.a(configs.c.obj)
                              (--whole-archive)
zephyr/libzephyr.a(mem_attr.c.obj)
                              (--whole-archive)
zephyr/libzephyr.a(tracing_none.c.obj)
                              (--whole-archive)
zephyr/libzephyr.a(banner.c.obj)
                              (--whole-archive)
zephyr/libzephyr.a(nrf_cc3xx_platform_abort_zephyr.c.obj)
                              (--whole-archive)
zephyr/libzephyr.a(nrf_cc3xx_platform_mutex_zephyr.c.obj)
                              (--whole-archive)
zephyr/libzephyr.a(flash_map_partition_manager.c.obj)
                              (--whole-archive)
zephyr/arch/common/libarch__common.a(sw_isr_common.c.obj)
                              (--whole-archive)
zephyr/arch/arch/arm/core/libarch__arm__core.a(fatal.c.obj)
                              (--whole-archive)
zephyr/arch/arch/arm/core/libarch__arm__core.a(nmi.c.obj)
                              (--whole-archive)
zephyr/arch/arch/arm/core/libarch__arm__core.a(nmi_on_reset.S.obj)
                              (--whole-archive)
zephyr/arch/arch/arm/core/libarch__arm__core.a(tls.c.obj)
                              (--whole-archive)
zephyr/arch/arch/arm/core/cortex_m/libarch__arm__core__cortex_m.a(exc_exit.c.obj)
                              (--whole-archive)
zephyr/arch/arch/arm/core/cortex_m/libarch__arm__core__cortex_m.a(fault.c.obj)
                              (--whole-archive)
zephyr/arch/arch/arm/core/cortex_m/libarch__arm__core__cortex_m.a(fault_s.S.obj)
                              (--whole-archive)
zephyr/arch/arch/arm/core/cortex_m/libarch__arm__core__cortex_m.a(fpu.c.obj)
                              (--whole-archive)
zephyr/arch/arch/arm/core/cortex_m/libarch__arm__core__cortex_m.a(reset.S.obj)
                              (--whole-archive)
zephyr/arch/arch/arm/core/cortex_m/libarch__arm__core__cortex_m.a(scb.c.obj)
                              (--whole-archive)
zephyr/arch/arch/arm/core/cortex_m/libarch__arm__core__cortex_m.a(thread_abort.c.obj)
                              (--whole-archive)
zephyr/arch/arch/arm/core/cortex_m/libarch__arm__core__cortex_m.a(vector_table.S.obj)
                              (--whole-archive)
zephyr/arch/arch/arm/core/cortex_m/libarch__arm__core__cortex_m.a(swap_helper.S.obj)
                              (--whole-archive)
zephyr/arch/arch/arm/core/cortex_m/libarch__arm__core__cortex_m.a(irq_manage.c.obj)
                              (--whole-archive)
zephyr/arch/arch/arm/core/cortex_m/libarch__arm__core__cortex_m.a(prep_c.c.obj)
                              (--whole-archive)
zephyr/arch/arch/arm/core/cortex_m/libarch__arm__core__cortex_m.a(thread.c.obj)
                              (--whole-archive)
zephyr/arch/arch/arm/core/cortex_m/libarch__arm__core__cortex_m.a(cpu_idle.c.obj)
                              (--whole-archive)
zephyr/arch/arch/arm/core/cortex_m/libarch__arm__core__cortex_m.a(irq_init.c.obj)
                              (--whole-archive)
zephyr/arch/arch/arm/core/cortex_m/libarch__arm__core__cortex_m.a(isr_wrapper.c.obj)
                              (--whole-archive)
zephyr/arch/arch/arm/core/cortex_m/libarch__arm__core__cortex_m.a(__aeabi_read_tp.S.obj)
                              (--whole-archive)
zephyr/arch/arch/arm/core/cortex_m/cmse/libarch__arm__core__cortex_m__cmse.a(arm_core_cmse.c.obj)
                              (--whole-archive)
zephyr/arch/arch/arm/core/mpu/libarch__arm__core__mpu.a(arm_core_mpu.c.obj)
                              (--whole-archive)
zephyr/arch/arch/arm/core/mpu/libarch__arm__core__mpu.a(arm_mpu.c.obj)
[...]
Memory Configuration

Name             Origin             Length             Attributes
FLASH            0x0000000000000000 0x0000000000100000 xr
RAM              0x0000000020000000 0x0000000000070000 xw
IDT_LIST         0x00000000ffff7fff 0x0000000000008000 xw
*default*        0x0000000000000000 0xffffffffffffffff

Linker script and memory map

                0x000000000000b914                vfprintf = __l_vfprintf
                0x0000000000000000                vfscanf = __l_vfscanf
LOAD zephyr/CMakeFiles/zephyr_final.dir/misc/empty_file.c.obj
LOAD zephyr/CMakeFiles/zephyr_final.dir/isr_tables.c.obj
LOAD zephyr/CMakeFiles/offsets.dir/./arch/arm/core/offsets/offsets.c.obj
LOAD app/libapp.a
LOAD zephyr/libzephyr.a
LOAD zephyr/arch/common/libarch__common.a
LOAD zephyr/arch/arch/arm/core/libarch__arm__core.a
LOAD zephyr/arch/arch/arm/core/cortex_m/libarch__arm__core__cortex_m.a
LOAD zephyr/arch/arch/arm/core/cortex_m/cmse/libarch__arm__core__cortex_m__cmse.a
LOAD zephyr/arch/arch/arm/core/mpu/libarch__arm__core__mpu.a
LOAD zephyr/lib/libc/picolibc/liblib__libc__picolibc.a
LOAD zephyr/lib/libc/common/liblib__libc__common.a
LOAD zephyr/soc/soc/nrf5340/libsoc__nordic.a
LOAD zephyr/subsys/random/libsubsys__random.a
LOAD zephyr/drivers/clock_control/libdrivers__clock_control.a
LOAD zephyr/drivers/console/libdrivers__console.a
LOAD zephyr/drivers/entropy/libdrivers__entropy.a
LOAD zephyr/drivers/gpio/libdrivers__gpio.a
LOAD zephyr/drivers/pinctrl/libdrivers__pinctrl.a
LOAD zephyr/drivers/serial/libdrivers__serial.a
LOAD zephyr/drivers/timer/libdrivers__timer.a
LOAD modules/nrf/subsys/nrf_security/src/zephyr/libmbedtls_zephyr.a
LOAD modules/nrf/drivers/hw_cc3xx/lib..__nrf__drivers__hw_cc3xx.a
LOAD modules/hal_nordic/modules/hal_nordic/nrfx/libmodules__hal_nordic__nrfx.a
LOAD zephyr/kernel/libkernel.a
LOAD zephyr/arch/common/libisr_tables.a
LOAD modules/nrf/subsys/nrf_security/src/libmbedcrypto.a
LOAD modules/nrf/subsys/nrf_security/src/core/nrf_oberon/liboberon_psa_core.a
LOAD /opt/nordic/ncs/v3.0.0/nrfxlib/crypto/nrf_cc312_mbedcrypto/lib/cortex-m33/soft-float/no-interrupts/libnrf_cc312_psa_crypto_0.9.19.a
LOAD /opt/nordic/ncs/v3.0.0/nrfxlib/crypto/nrf_cc312_mbedcrypto/lib/cortex-m33/soft-float/no-interrupts/libnrf_cc312_legacy_crypto_0.9.19.a
LOAD modules/nrf/subsys/nrf_security/src/libmbedcrypto_base.a
LOAD modules/nrf/subsys/nrf_security/src/libnrf_security_utils.a
LOAD zephyr/kernel/libkernel.a
LOAD /opt/nordic/ncs/v3.0.0/nrfxlib/crypto/nrf_cc312_mbedcrypto/lib/cortex-m33/soft-float/no-interrupts/libnrf_cc312_core_0.9.19.a
LOAD /opt/nordic/ncs/v3.0.0/nrfxlib/crypto/nrf_cc312_platform/lib/cortex-m33/soft-float/no-interrupts/libnrf_cc312_platform_0.9.19.a
LOAD /opt/nordic/ncs/toolchains/ef4fc6722e/opt/zephyr-sdk/arm-zephyr-eabi/bin/../lib/gcc/../../picolibc/arm-zephyr-eabi/lib/thumb/v8-m.main/nofp/libc.a
LOAD /opt/nordic/ncs/toolchains/ef4fc6722e/opt/zephyr-sdk/arm-zephyr-eabi/bin/../lib/gcc/../../picolibc/arm-zephyr-eabi/lib/thumb/v8-m.main/nofp/libc.a
LOAD /opt/nordic/ncs/toolchains/ef4fc6722e/opt/zephyr-sdk/arm-zephyr-eabi/bin/../lib/gcc/arm-zephyr-eabi/12.2.0/thumb/v8-m.main/nofp/libgcc.a
                0x0000000000000020                _region_min_align = 0x20

.rel.plt        0x0000000000000000        0x0
 *(SORT_BY_ALIGNMENT(.rel.plt))
                [!provide]                        PROVIDE (__rel_iplt_start = .)
 *(SORT_BY_ALIGNMENT(.rel.iplt))
 .rel.iplt      0x0000000000000000        0x0 zephyr/CMakeFiles/zephyr_final.dir/isr_tables.c.obj
                [!provide]                        PROVIDE (__rel_iplt_end = .)

.rela.plt       0x0000000000000000        0x0
 *(SORT_BY_ALIGNMENT(.rela.plt))
                [!provide]                        PROVIDE (__rela_iplt_start = .)
 *(SORT_BY_ALIGNMENT(.rela.iplt))
                [!provide]                        PROVIDE (__rela_iplt_end = .)

.rel.dyn
 *(SORT_BY_ALIGNMENT(.rel.*))

.rela.dyn
 *(SORT_BY_ALIGNMENT(.rela.*))

/DISCARD/
 *(SORT_BY_ALIGNMENT(.plt))

/DISCARD/
 *(SORT_BY_ALIGNMENT(.iplt))
                0x0000000000000000                __rom_region_start = 0x0

rom_start       0x0000000000000000      0x154
                0x0000000000000000                __rom_start_address = .
 FILL mask 0x00
                0x0000000000000000                . = (. + (0x0 - (. - __rom_start_address)))
                0x0000000000000000                . = ALIGN (0x4)
                0x0000000000000000                . = ALIGN (0x80)
                0x0000000000000000                . = ALIGN (0x200)
                0x0000000000000000                _vector_start = .
 *(SORT_BY_ALIGNMENT(.exc_vector_table))
 *(SORT_BY_ALIGNMENT(.exc_vector_table.*))
 .exc_vector_table._vector_table_section
                0x0000000000000000       0x40 zephyr/arch/arch/arm/core/cortex_m/libarch__arm__core__cortex_m.a(vector_table.S.obj)
                0x0000000000000000                _vector_table
 *(SORT_BY_ALIGNMENT(.vectors))
                0x0000000000000154                _vector_end = .
                0x0000000000000040                . = ALIGN (0x4)
 *(SORT_BY_ALIGNMENT(.gnu.linkonce.irq_vector_table*))
 .gnu.linkonce.irq_vector_table
                0x0000000000000040      0x114 zephyr/CMakeFiles/zephyr_final.dir/isr_tables.c.obj
                0x0000000000000040                _irq_vector_table
                0x0000000000000154                _vector_end = .

text            0x0000000000000158     0xd1dc
                0x0000000000000158                __text_region_start = .
 *(SORT_BY_ALIGNMENT(.text))
 .text          0x0000000000000158      0x378 /opt/nordic/ncs/toolchains/ef4fc6722e/opt/zephyr-sdk/arm-zephyr-eabi/bin/../lib/gcc/arm-zephyr-eabi/12.2.0/thumb/v8-m.main/nofp/libgcc.a(_arm_addsubdf3.o)
                0x0000000000000158                __aeabi_drsub
                0x0000000000000160                __subdf3
                0x0000000000000160                __aeabi_dsub
                0x0000000000000164                __aeabi_dadd
                0x0000000000000164                __adddf3
                0x00000000000003dc                __aeabi_ui2d
                0x00000000000003dc                __floatunsidf
                0x00000000000003fc                __floatsidf
                0x00000000000003fc                __aeabi_i2d
                0x0000000000000420                __extendsfdf2
                0x0000000000000420                __aeabi_f2d
                0x0000000000000464                __aeabi_ul2d
                0x0000000000000464                __floatundidf
                0x0000000000000474                __aeabi_l2d
                0x0000000000000474                __floatdidf
 .text          0x00000000000004d0      0x424 /opt/nordic/ncs/toolchains/ef4fc6722e/opt/zephyr-sdk/arm-zephyr-eabi/bin/../lib/gcc/arm-zephyr-eabi/12.2.0/thumb/v8-m.main/nofp/libgcc.a(_arm_muldivdf3.o)
                0x00000000000004d0                __aeabi_dmul
                0x00000000000004d0                __muldf3
                0x0000000000000724                __aeabi_ddiv
                0x0000000000000724                __divdf3
 .text          0x00000000000008f4       0x50 /opt/nordic/ncs/toolchains/ef4fc6722e/opt/zephyr-sdk/arm-zephyr-eabi/bin/../lib/gcc/arm-zephyr-eabi/12.2.0/thumb/v8-m.main/nofp/libgcc.a(_arm_fixdfsi.o)
                0x00000000000008f4                __fixdfsi
                0x00000000000008f4                __aeabi_d2iz
 .text          0x0000000000000944       0x40 /opt/nordic/ncs/toolchains/ef4fc6722e/opt/zephyr-sdk/arm-zephyr-eabi/bin/../lib/gcc/arm-zephyr-eabi/12.2.0/thumb/v8-m.main/nofp/libgcc.a(_arm_fixunsdfsi.o)
                0x0000000000000944                __fixunsdfsi
                0x0000000000000944                __aeabi_d2uiz
 *(SORT_BY_ALIGNMENT(.text.*))
 *fill*         0x0000000000000984        0x4 
 .text.run_bench
                0x0000000000000988      0x194 app/libapp.a(main.c.obj)
 .text.aes_subbytes
                0x0000000000000b1c       0x18 app/libapp.a(main.c.obj)
 .text.test_sw_lz4
                0x0000000000000b34       0x18 app/libapp.a(main.c.obj)
 .text.hw_ccm_encrypt_once
                0x0000000000000b4c       0x8c app/libapp.a(main.c.obj)
 .text.chacha_blk.constprop.0
                0x0000000000000bd8      0x118 app/libapp.a(main.c.obj)
 .text.chacha_poly_sw.constprop.0
                0x0000000000000cf0      0x1f4 app/libapp.a(main.c.obj)
 .text.aes_ccm_sw.constprop.0
                0x0000000000000ee4      0x200 app/libapp.a(main.c.obj)
 .text.main     0x00000000000010e4      0x158 app/libapp.a(main.c.obj)
                0x00000000000010e4                main
 .text.char_out
                0x000000000000123c        0xc zephyr/libzephyr.a(printk.c.obj)
 .text.__printk_hook_install
                0x0000000000001248        0xc zephyr/libzephyr.a(printk.c.obj)
                0x0000000000001248                __printk_hook_install
 .text.vprintk  0x0000000000001254       0x30 zephyr/libzephyr.a(printk.c.obj)
                0x0000000000001254                vprintk
 .text.z_thread_entry
                0x0000000000001284       0x34 zephyr/libzephyr.a(thread_entry.c.obj)
                0x0000000000001284                z_thread_entry
 .text.process_event
                0x00000000000012b8      0x21c zephyr/libzephyr.a(onoff.c.obj)
 .text.mem_attr_get_regions
                0x00000000000014d4        0xc zephyr/libzephyr.a(mem_attr.c.obj)
                0x00000000000014d4                mem_attr_get_regions
 .text.boot_banner
                0x00000000000014e0       0x1c zephyr/libzephyr.a(banner.c.obj)
                0x00000000000014e0                boot_banner
 .text.nrf_cc3xx_platform_abort_init
                0x00000000000014fc        0xc zephyr/libzephyr.a(nrf_cc3xx_platform_abort_zephyr.c.obj)
                0x00000000000014fc                nrf_cc3xx_platform_abort_init
 .text.mutex_free_platform
                0x0000000000001508       0x54 zephyr/libzephyr.a(nrf_cc3xx_platform_mutex_zephyr.c.obj)
 .text.mutex_lock_platform
                0x000000000000155c       0x74 zephyr/libzephyr.a(nrf_cc3xx_platform_mutex_zephyr.c.obj)
 .text.mutex_unlock_platform
                0x00000000000015d0       0x68 zephyr/libzephyr.a(nrf_cc3xx_platform_mutex_zephyr.c.obj)
 .text.mutex_init_platform
                0x0000000000001638       0x94 zephyr/libzephyr.a(nrf_cc3xx_platform_mutex_zephyr.c.obj)
 .text.nrf_cc3xx_platform_mutex_init
                0x00000000000016cc       0x2c zephyr/libzephyr.a(nrf_cc3xx_platform_mutex_zephyr.c.obj)
                0x00000000000016cc                nrf_cc3xx_platform_mutex_init
 .text.z_SysNmiOnReset
                0x00000000000016f8        0x8 zephyr/arch/arch/arm/core/libarch__arm__core.a(nmi_on_reset.S.obj)
                0x00000000000016f8                z_SysNmiOnReset
 .text.arch_tls_stack_setup
                0x0000000000001700       0x40 zephyr/arch/arch/arm/core/libarch__arm__core.a(tls.c.obj)
                0x0000000000001700                arch_tls_stack_setup
 .text._HandlerModeExit
                0x0000000000001740       0x28 zephyr/arch/arch/arm/core/cortex_m/libarch__arm__core__cortex_m.a(exc_exit.c.obj)
                0x0000000000001740                z_arm_exc_exit
                0x0000000000001740                z_arm_int_exit
 .text.usage_fault.constprop.0
                0x0000000000001768       0x5c zephyr/arch/arch/arm/core/cortex_m/libarch__arm__core__cortex_m.a(fault.c.obj)
 .text.bus_fault.constprop.0
                0x00000000000017c4       0x6c zephyr/arch/arch/arm/core/cortex_m/libarch__arm__core__cortex_m.a(fault.c.obj)
 .text.mem_manage_fault.constprop.0
                0x0000000000001830       0x78 zephyr/arch/arch/arm/core/cortex_m/libarch__arm__core__cortex_m.a(fault.c.obj)
 .text.z_arm_fault
                0x00000000000018a8      0x124 zephyr/arch/arch/arm/core/cortex_m/libarch__arm__core__cortex_m.a(fault.c.obj)
                0x00000000000018a8                z_arm_fault
 .text.z_arm_fault_init
                0x00000000000019cc       0x20 zephyr/arch/arch/arm/core/cortex_m/libarch__arm__core__cortex_m.a(fault.c.obj)
                0x00000000000019cc                z_arm_fault_init
 .text.__fault  0x00000000000019ec       0x14 zephyr/arch/arch/arm/core/cortex_m/libarch__arm__core__cortex_m.a(fault_s.S.obj)
                0x00000000000019ec                z_arm_bus_fault
                0x00000000000019ec                z_arm_usage_fault
                0x00000000000019ec                z_arm_mpu_fault
                0x00000000000019ec                z_arm_exc_spurious
                0x00000000000019ec                z_arm_debug_monitor
                0x00000000000019ec                z_arm_hard_fault
 .text._reset_section
                0x0000000000001a00       0x60 zephyr/arch/arch/arm/core/cortex_m/libarch__arm__core__cortex_m.a(reset.S.obj)
                0x0000000000001a00                z_arm_reset
                0x0000000000001a00                __start
 .text.z_arm_clear_arm_mpu_config
                0x0000000000001a60       0x24 zephyr/arch/arch/arm/core/cortex_m/libarch__arm__core__cortex_m.a(scb.c.obj)
                0x0000000000001a60                z_arm_clear_arm_mpu_config
 .text.z_arm_init_arch_hw_at_boot
                0x0000000000001a84       0x4c zephyr/arch/arch/arm/core/cortex_m/libarch__arm__core__cortex_m.a(scb.c.obj)
                0x0000000000001a84                z_arm_init_arch_hw_at_boot
 .text.z_impl_k_thread_abort
                0x0000000000001ad0       0x2c zephyr/arch/arch/arm/core/cortex_m/libarch__arm__core__cortex_m.a(thread_abort.c.obj)
                0x0000000000001ad0                z_impl_k_thread_abort
 .text.z_arm_pendsv
                0x0000000000001afc       0x68 zephyr/arch/arch/arm/core/cortex_m/libarch__arm__core__cortex_m.a(swap_helper.S.obj)
                0x0000000000001afc                z_arm_pendsv
 .text.z_arm_svc
                0x0000000000001b64       0x24 zephyr/arch/arch/arm/core/cortex_m/libarch__arm__core__cortex_m.a(swap_helper.S.obj)
                0x0000000000001b64                z_arm_svc
 .text.arch_irq_enable
                0x0000000000001b88       0x1c zephyr/arch/arch/arm/core/cortex_m/libarch__arm__core__cortex_m.a(irq_manage.c.obj)
                0x0000000000001b88                arch_irq_enable
 .text.arch_irq_is_enabled
                0x0000000000001ba4       0x1c zephyr/arch/arch/arm/core/cortex_m/libarch__arm__core__cortex_m.a(irq_manage.c.obj)
                0x0000000000001ba4                arch_irq_is_enabled
 .text.z_arm_irq_priority_set
                0x0000000000001bc0       0x2c zephyr/arch/arch/arm/core/cortex_m/libarch__arm__core__cortex_m.a(irq_manage.c.obj)
                0x0000000000001bc0                z_arm_irq_priority_set
 .text.z_prep_c
                0x0000000000001bec       0x38 zephyr/arch/arch/arm/core/cortex_m/libarch__arm__core__cortex_m.a(prep_c.c.obj)
                0x0000000000001bec                z_prep_c
 .text.arch_new_thread
                0x0000000000001c24       0x38 zephyr/arch/arch/arm/core/cortex_m/libarch__arm__core__cortex_m.a(thread.c.obj)
                0x0000000000001c24                arch_new_thread
 .text.arch_switch_to_main_thread
                0x0000000000001c5c       0x40 zephyr/arch/arch/arm/core/cortex_m/libarch__arm__core__cortex_m.a(thread.c.obj)
                0x0000000000001c5c                arch_switch_to_main_thread
 .text.z_arm_cpu_idle_init
                0x0000000000001c9c        0xc zephyr/arch/arch/arm/core/cortex_m/libarch__arm__core__cortex_m.a(cpu_idle.c.obj)
                0x0000000000001c9c                z_arm_cpu_idle_init
 .text.z_arm_interrupt_init
                0x0000000000001ca8       0x18 zephyr/arch/arch/arm/core/cortex_m/libarch__arm__core__cortex_m.a(irq_init.c.obj)
                0x0000000000001ca8                z_arm_interrupt_init
 .text._isr_wrapper
                0x0000000000001cc0       0x24 zephyr/arch/arch/arm/core/cortex_m/libarch__arm__core__cortex_m.a(isr_wrapper.c.obj)
                0x0000000000001cc0                _isr_wrapper
 .text.z_arm_configure_static_mpu_regions
                0x0000000000001ce4       0x38 zephyr/arch/arch/arm/core/mpu/libarch__arm__core__mpu.a(arm_core_mpu.c.obj)
                0x0000000000001ce4                z_arm_configure_static_mpu_regions
 .text.region_init
                0x0000000000001d1c       0x34 zephyr/arch/arch/arm/core/mpu/libarch__arm__core__mpu.a(arm_mpu.c.obj)
 .text.region_allocate_and_init
                0x0000000000001d50       0x24 zephyr/arch/arch/arm/core/mpu/libarch__arm__core__mpu.a(arm_mpu.c.obj)
 .text.mpu_configure_regions_and_partition.constprop.0
                0x0000000000001d74      0x148 zephyr/arch/arch/arm/core/mpu/libarch__arm__core__mpu.a(arm_mpu.c.obj)
 .text.arm_core_mpu_enable
                0x0000000000001ebc       0x18 zephyr/arch/arch/arm/core/mpu/libarch__arm__core__mpu.a(arm_mpu.c.obj)
                0x0000000000001ebc                arm_core_mpu_enable
 .text.arm_core_mpu_disable
                0x0000000000001ed4       0x14 zephyr/arch/arch/arm/core/mpu/libarch__arm__core__mpu.a(arm_mpu.c.obj)
                0x0000000000001ed4                arm_core_mpu_disable
 .text.arm_core_mpu_configure_static_mpu_regions
                0x0000000000001ee8       0x14 zephyr/arch/arch/arm/core/mpu/libarch__arm__core__mpu.a(arm_mpu.c.obj)
                0x0000000000001ee8                arm_core_mpu_configure_static_mpu_regions
 .text.arm_core_mpu_mark_areas_for_dynamic_regions
                0x0000000000001efc       0xb8 zephyr/arch/arch/arm/core/mpu/libarch__arm__core__mpu.a(arm_mpu.c.obj)
                0x0000000000001efc                arm_core_mpu_mark_areas_for_dynamic_regions
 .text.z_arm_mpu_init
                0x0000000000001fb4      0x11c zephyr/arch/arch/arm/core/mpu/libarch__arm__core__mpu.a(arm_mpu.c.obj)
                0x0000000000001fb4                z_arm_mpu_init
 .text._exit    0x00000000000020d0       0x10 zephyr/lib/libc/picolibc/liblib__libc__picolibc.a(exit.c.obj)
                0x00000000000020d0                _exit
 .text.z_impl_zephyr_fputc
                0x00000000000020e0       0x10 zephyr/lib/libc/picolibc/liblib__libc__picolibc.a(stdio.c.obj)
                0x00000000000020e0                z_impl_zephyr_fputc
 .text.__stdout_hook_install
                0x00000000000020f0       0x18 zephyr/lib/libc/picolibc/liblib__libc__picolibc.a(stdio.c.obj)
                0x00000000000020f0                __stdout_hook_install
 .text.malloc_prepare
                0x0000000000002108       0x24 zephyr/lib/libc/common/liblib__libc__common.a(malloc.c.obj)
 .text.nrf_gpio_pin_control_select
                0x000000000000212c       0x3c zephyr/soc/soc/nrf5340/libsoc__nordic.a(soc.c.obj)
 .text.nordicsemi_nrf53_init
                0x0000000000002168       0x5c zephyr/soc/soc/nrf5340/libsoc__nordic.a(soc.c.obj)
 .text.rtc_pretick_init
                0x00000000000021c4       0x60 zephyr/soc/soc/nrf5340/libsoc__nordic.a(soc.c.obj)
 .text.z_arm_on_enter_cpu_idle
                0x0000000000002224       0x64 zephyr/soc/soc/nrf5340/libsoc__nordic.a(soc.c.obj)
                0x0000000000002224                z_arm_on_enter_cpu_idle
 .text.arch_busy_wait
                0x0000000000002288       0x24 zephyr/soc/soc/nrf5340/libsoc__nordic.a(soc.c.obj)
                0x0000000000002288                arch_busy_wait
 .text.nrf53_cpunet_mgmt_init
                0x00000000000022ac       0x10 zephyr/soc/soc/nrf5340/libsoc__nordic.a(nrf53_cpunet_mgmt.c.obj)
 .text.onoff_start
                0x00000000000022bc       0x6c zephyr/soc/soc/nrf5340/libsoc__nordic.a(nrf53_cpunet_mgmt.c.obj)
 .text.onoff_stop
                0x0000000000002328       0x30 zephyr/drivers/clock_control/libdrivers__clock_control.a(clock_control_nrf.c.obj)
 .text.onoff_start
                0x0000000000002358       0x44 zephyr/drivers/clock_control/libdrivers__clock_control.a(clock_control_nrf.c.obj)
 .text.generic_hfclk_stop
                0x000000000000239c       0x34 zephyr/drivers/clock_control/libdrivers__clock_control.a(clock_control_nrf.c.obj)
 .text.clk_init
                0x00000000000023d0       0x64 zephyr/drivers/clock_control/libdrivers__clock_control.a(clock_control_nrf.c.obj)
 .text.api_blocking_start
                0x0000000000002434       0x34 zephyr/drivers/clock_control/libdrivers__clock_control.a(clock_control_nrf.c.obj)
 .text.clkstarted_handle.constprop.0
                0x0000000000002468       0x4c zephyr/drivers/clock_control/libdrivers__clock_control.a(clock_control_nrf.c.obj)
 .text.generic_hfclk_start
                0x00000000000024b4       0x78 zephyr/drivers/clock_control/libdrivers__clock_control.a(clock_control_nrf.c.obj)
 .text.clock_event_handler
                0x000000000000252c       0x34 zephyr/drivers/clock_control/libdrivers__clock_control.a(clock_control_nrf.c.obj)
 .text.z_nrf_clock_control_lf_on
                0x0000000000002560       0xf8 zephyr/drivers/clock_control/libdrivers__clock_control.a(clock_control_nrf.c.obj)
                0x0000000000002560                z_nrf_clock_control_lf_on
 .text.uart_console_init
                0x0000000000002658       0x28 zephyr/drivers/console/libdrivers__console.a(uart_console.c.obj)
 .text.console_out
                0x0000000000002680       0x28 zephyr/drivers/console/libdrivers__console.a(uart_console.c.obj)
 .text.gpio_nrfx_pin_interrupt_configure
                0x00000000000026a8      0x100 zephyr/drivers/gpio/libdrivers__gpio.a(gpio_nrfx.c.obj)
 .text.gpio_nrfx_init
                0x00000000000027a8       0x48 zephyr/drivers/gpio/libdrivers__gpio.a(gpio_nrfx.c.obj)
 .text.nrfx_gpio_handler
                0x00000000000027f0       0x4c zephyr/drivers/gpio/libdrivers__gpio.a(gpio_nrfx.c.obj)
 .text.gpio_nrfx_pin_configure
                0x000000000000283c      0x188 zephyr/drivers/gpio/libdrivers__gpio.a(gpio_nrfx.c.obj)
 .text.nrf_gpio_pin_port_decode
                0x00000000000029c4       0x24 zephyr/drivers/pinctrl/libdrivers__pinctrl.a(pinctrl_nrf.c.obj)
 .text.pinctrl_configure_pins
                0x00000000000029e8      0x1a0 zephyr/drivers/pinctrl/libdrivers__pinctrl.a(pinctrl_nrf.c.obj)
                0x00000000000029e8                pinctrl_configure_pins
 .text.uarte_nrfx_poll_out
                0x0000000000002b88       0xb4 zephyr/drivers/serial/libdrivers__serial.a(uart_nrfx_uarte.c.obj)
 .text.uarte_0_init
                0x0000000000002c3c      0x10c zephyr/drivers/serial/libdrivers__serial.a(uart_nrfx_uarte.c.obj)
 .text.compare_int_lock
                0x0000000000002d48       0x40 zephyr/drivers/timer/libdrivers__timer.a(nrf_rtc_timer.c.obj)
 .text.sys_clock_timeout_handler
                0x0000000000002d88       0x48 zephyr/drivers/timer/libdrivers__timer.a(nrf_rtc_timer.c.obj)
 .text.compare_int_unlock
                0x0000000000002dd0       0x4c zephyr/drivers/timer/libdrivers__timer.a(nrf_rtc_timer.c.obj)
 .text.z_nrf_rtc_timer_read
                0x0000000000002e1c       0x44 zephyr/drivers/timer/libdrivers__timer.a(nrf_rtc_timer.c.obj)
                0x0000000000002e1c                z_nrf_rtc_timer_read
 .text.compare_set
                0x0000000000002e60      0x124 zephyr/drivers/timer/libdrivers__timer.a(nrf_rtc_timer.c.obj)
 .text.sys_clock_driver_init
                0x0000000000002f84       0x90 zephyr/drivers/timer/libdrivers__timer.a(nrf_rtc_timer.c.obj)
 .text.rtc_nrf_isr
                0x0000000000003014       0xd0 zephyr/drivers/timer/libdrivers__timer.a(nrf_rtc_timer.c.obj)
                0x0000000000003014                rtc_nrf_isr
 .text.sys_clock_set_timeout
                0x00000000000030e4       0x5c zephyr/drivers/timer/libdrivers__timer.a(nrf_rtc_timer.c.obj)
                0x00000000000030e4                sys_clock_set_timeout
 .text.sys_clock_elapsed
                0x0000000000003140       0x14 zephyr/drivers/timer/libdrivers__timer.a(nrf_rtc_timer.c.obj)
                0x0000000000003140                sys_clock_elapsed
 .text._heap_init
                0x0000000000003154       0x10 modules/nrf/subsys/nrf_security/src/zephyr/libmbedtls_zephyr.a(mbedtls_heap.c.obj)
                0x0000000000003154                _heap_init
 .text.nrf53_errata_42
                0x0000000000003164       0x24 modules/hal_nordic/modules/hal_nordic/nrfx/libmodules__hal_nordic__nrfx.a(system_nrf5340_application.c.obj)
 .text.SystemInit
                0x0000000000003188      0x1c4 modules/hal_nordic/modules/hal_nordic/nrfx/libmodules__hal_nordic__nrfx.a(system_nrf5340_application.c.obj)
                0x0000000000003188                SystemInit
 .text.nrfx_flag32_alloc
                0x000000000000334c       0x40 modules/hal_nordic/modules/hal_nordic/nrfx/libmodules__hal_nordic__nrfx.a(nrfx_flag32_allocator.c.obj)
                0x000000000000334c                nrfx_flag32_alloc
 .text.nrfx_flag32_free
                0x000000000000338c       0x38 modules/hal_nordic/modules/hal_nordic/nrfx/libmodules__hal_nordic__nrfx.a(nrfx_flag32_allocator.c.obj)
                0x000000000000338c                nrfx_flag32_free
 .text.nrfx_gppi_channels_enable
                0x00000000000033c4        0xc modules/hal_nordic/modules/hal_nordic/nrfx/libmodules__hal_nordic__nrfx.a(nrfx_gppi_dppi.c.obj)
                0x00000000000033c4                nrfx_gppi_channels_enable
 .text.nrfx_gppi_channel_alloc
                0x00000000000033d0        0xc modules/hal_nordic/modules/hal_nordic/nrfx/libmodules__hal_nordic__nrfx.a(nrfx_gppi_dppi.c.obj)
                0x00000000000033d0                nrfx_gppi_channel_alloc
 .text.clock_stop
                0x00000000000033dc       0xf4 modules/hal_nordic/modules/hal_nordic/nrfx/libmodules__hal_nordic__nrfx.a(nrfx_clock.c.obj)
 .text.nrfx_clock_init
                0x00000000000034d0       0x20 modules/hal_nordic/modules/hal_nordic/nrfx/libmodules__hal_nordic__nrfx.a(nrfx_clock.c.obj)
                0x00000000000034d0                nrfx_clock_init
 .text.nrfx_clock_enable
                0x00000000000034f0       0x30 modules/hal_nordic/modules/hal_nordic/nrfx/libmodules__hal_nordic__nrfx.a(nrfx_clock.c.obj)
                0x00000000000034f0                nrfx_clock_enable
 .text.nrfx_clock_start
                0x0000000000003520       0xd0 modules/hal_nordic/modules/hal_nordic/nrfx/libmodules__hal_nordic__nrfx.a(nrfx_clock.c.obj)
                0x0000000000003520                nrfx_clock_start
 .text.nrfx_power_clock_irq_handler
                0x00000000000035f0       0x70 modules/hal_nordic/modules/hal_nordic/nrfx/libmodules__hal_nordic__nrfx.a(nrfx_clock.c.obj)
                0x00000000000035f0                nrfx_power_clock_irq_handler
 .text.nrfx_dppi_channel_alloc
                0x0000000000003660       0x10 modules/hal_nordic/modules/hal_nordic/nrfx/libmodules__hal_nordic__nrfx.a(nrfx_dppi.c.obj)
                0x0000000000003660                nrfx_dppi_channel_alloc
 .text.nrf_gpio_pin_port_decode
                0x0000000000003670       0x24 modules/hal_nordic/modules/hal_nordic/nrfx/libmodules__hal_nordic__nrfx.a(nrfx_gpiote.c.obj)
 .text.get_pin_idx
                0x0000000000003694       0x14 modules/hal_nordic/modules/hal_nordic/nrfx/libmodules__hal_nordic__nrfx.a(nrfx_gpiote.c.obj)
 .text.call_handler.constprop.0
                0x00000000000036a8       0x40 modules/hal_nordic/modules/hal_nordic/nrfx/libmodules__hal_nordic__nrfx.a(nrfx_gpiote.c.obj)
 .text.pin_te_get.constprop.0
                0x00000000000036e8       0x18 modules/hal_nordic/modules/hal_nordic/nrfx/libmodules__hal_nordic__nrfx.a(nrfx_gpiote.c.obj)
 .text.pin_is_output.constprop.0
                0x0000000000003700       0x18 modules/hal_nordic/modules/hal_nordic/nrfx/libmodules__hal_nordic__nrfx.a(nrfx_gpiote.c.obj)
 .text.pin_in_use_by_te.constprop.0
                0x0000000000003718       0x18 modules/hal_nordic/modules/hal_nordic/nrfx/libmodules__hal_nordic__nrfx.a(nrfx_gpiote.c.obj)
 .text.latch_pending_read_and_check
                0x0000000000003730       0x3c modules/hal_nordic/modules/hal_nordic/nrfx/libmodules__hal_nordic__nrfx.a(nrfx_gpiote.c.obj)
 .text.release_handler.isra.0
                0x000000000000376c       0x58 modules/hal_nordic/modules/hal_nordic/nrfx/libmodules__hal_nordic__nrfx.a(nrfx_gpiote.c.obj)
 .text.__nrfy_internal_gpiote_events_process.constprop.0
                0x00000000000037c4       0x5c modules/hal_nordic/modules/hal_nordic/nrfx/libmodules__hal_nordic__nrfx.a(nrfx_gpiote.c.obj)
 .text.pin_uninit
                0x0000000000003820       0x84 modules/hal_nordic/modules/hal_nordic/nrfx/libmodules__hal_nordic__nrfx.a(nrfx_gpiote.c.obj)
 .text.nrfx_gpiote_input_configure
                0x00000000000038a4      0x178 modules/hal_nordic/modules/hal_nordic/nrfx/libmodules__hal_nordic__nrfx.a(nrfx_gpiote.c.obj)
                0x00000000000038a4                nrfx_gpiote_input_configure
 .text.nrfx_gpiote_output_configure
                0x0000000000003a1c      0x104 modules/hal_nordic/modules/hal_nordic/nrfx/libmodules__hal_nordic__nrfx.a(nrfx_gpiote.c.obj)
                0x0000000000003a1c                nrfx_gpiote_output_configure
 .text.nrfx_gpiote_global_callback_set
                0x0000000000003b20        0xc modules/hal_nordic/modules/hal_nordic/nrfx/libmodules__hal_nordic__nrfx.a(nrfx_gpiote.c.obj)
                0x0000000000003b20                nrfx_gpiote_global_callback_set
 .text.nrfx_gpiote_channel_get
                0x0000000000003b2c       0x34 modules/hal_nordic/modules/hal_nordic/nrfx/libmodules__hal_nordic__nrfx.a(nrfx_gpiote.c.obj)
                0x0000000000003b2c                nrfx_gpiote_channel_get
 .text.nrfx_gpiote_init
                0x0000000000003b60       0x64 modules/hal_nordic/modules/hal_nordic/nrfx/libmodules__hal_nordic__nrfx.a(nrfx_gpiote.c.obj)
                0x0000000000003b60                nrfx_gpiote_init
 .text.nrfx_gpiote_init_check
                0x0000000000003bc4       0x14 modules/hal_nordic/modules/hal_nordic/nrfx/libmodules__hal_nordic__nrfx.a(nrfx_gpiote.c.obj)
                0x0000000000003bc4                nrfx_gpiote_init_check
 .text.nrfx_gpiote_channel_free
                0x0000000000003bd8        0xc modules/hal_nordic/modules/hal_nordic/nrfx/libmodules__hal_nordic__nrfx.a(nrfx_gpiote.c.obj)
                0x0000000000003bd8                nrfx_gpiote_channel_free
 .text.nrfx_gpiote_channel_alloc
                0x0000000000003be4        0xc modules/hal_nordic/modules/hal_nordic/nrfx/libmodules__hal_nordic__nrfx.a(nrfx_gpiote.c.obj)
                0x0000000000003be4                nrfx_gpiote_channel_alloc
 .text.nrfx_gpiote_trigger_enable
                0x0000000000003bf0       0xac modules/hal_nordic/modules/hal_nordic/nrfx/libmodules__hal_nordic__nrfx.a(nrfx_gpiote.c.obj)
                0x0000000000003bf0                nrfx_gpiote_trigger_enable
 .text.nrfx_gpiote_0_irq_handler
                0x0000000000003c9c      0x1b8 modules/hal_nordic/modules/hal_nordic/nrfx/libmodules__hal_nordic__nrfx.a(nrfx_gpiote.c.obj)
                0x0000000000003c9c                nrfx_gpiote_0_irq_handler
 .text.z_fatal_error
                0x0000000000003e54       0x30 zephyr/kernel/libkernel.a(fatal.c.obj)
                0x0000000000003e54                z_fatal_error
 .text.z_sys_init_run_level
                0x0000000000003e84       0x2c zephyr/kernel/libkernel.a(init.c.obj)
 .text.bg_thread_main
                0x0000000000003eb0       0xc4 zephyr/kernel/libkernel.a(init.c.obj)
 .text.z_bss_zero
                0x0000000000003f74       0x18 zephyr/kernel/libkernel.a(init.c.obj)
                0x0000000000003f74                z_bss_zero
 .text.z_init_cpu
                0x0000000000003f8c       0x68 zephyr/kernel/libkernel.a(init.c.obj)
                0x0000000000003f8c                z_init_cpu
 .text.z_cstart
                0x0000000000003ff4       0xe0 zephyr/kernel/libkernel.a(init.c.obj)
                0x0000000000003ff4                z_cstart
 .text.init_mem_slab_obj_core_list
                0x00000000000040d4       0x24 zephyr/kernel/libkernel.a(mem_slab.c.obj)
 .text.k_mem_slab_alloc
                0x00000000000040f8       0x5c zephyr/kernel/libkernel.a(mem_slab.c.obj)
                0x00000000000040f8                k_mem_slab_alloc
 .text.z_impl_k_mutex_lock
                0x0000000000004154       0xf0 zephyr/kernel/libkernel.a(mutex.c.obj)
                0x0000000000004154                z_impl_k_mutex_lock
 .text.z_impl_k_mutex_unlock
                0x0000000000004244       0xa0 zephyr/kernel/libkernel.a(mutex.c.obj)
                0x0000000000004244                z_impl_k_mutex_unlock
 .text.z_impl_k_sem_give
                0x00000000000042e4       0x68 zephyr/kernel/libkernel.a(sem.c.obj)
                0x00000000000042e4                z_impl_k_sem_give
 .text.z_impl_k_sem_take
                0x000000000000434c       0x4c zephyr/kernel/libkernel.a(sem.c.obj)
                0x000000000000434c                z_impl_k_sem_take
 .text.z_setup_new_thread
                0x0000000000004398       0x7c zephyr/kernel/libkernel.a(thread.c.obj)
                0x0000000000004398                z_setup_new_thread
 .text.z_swap_irqlock
                0x0000000000004414       0x30 zephyr/kernel/libkernel.a(sched.c.obj)
 .text.ready_thread
                0x0000000000004444       0x90 zephyr/kernel/libkernel.a(sched.c.obj)
 .text.unready_thread
                0x00000000000044d4       0x54 zephyr/kernel/libkernel.a(sched.c.obj)
 .text.move_thread_to_end_of_prio_q
                0x0000000000004528       0x90 zephyr/kernel/libkernel.a(sched.c.obj)
                0x0000000000004528                move_thread_to_end_of_prio_q
 .text.z_pend_curr
                0x00000000000045b8       0x58 zephyr/kernel/libkernel.a(sched.c.obj)
                0x00000000000045b8                z_pend_curr
 .text.z_thread_prio_set
                0x0000000000004610       0x9c zephyr/kernel/libkernel.a(sched.c.obj)
                0x0000000000004610                z_thread_prio_set
 .text.z_reschedule
                0x00000000000046ac       0x24 zephyr/kernel/libkernel.a(sched.c.obj)
                0x00000000000046ac                z_reschedule
 .text.z_reschedule_irqlock
                0x00000000000046d0       0x28 zephyr/kernel/libkernel.a(sched.c.obj)
                0x00000000000046d0                z_reschedule_irqlock
 .text.k_sched_lock
                0x00000000000046f8       0x28 zephyr/kernel/libkernel.a(sched.c.obj)
                0x00000000000046f8                k_sched_lock
 .text.k_sched_unlock
                0x0000000000004720       0x68 zephyr/kernel/libkernel.a(sched.c.obj)
                0x0000000000004720                k_sched_unlock
 .text.z_sched_init
                0x0000000000004788       0x10 zephyr/kernel/libkernel.a(sched.c.obj)
                0x0000000000004788                z_sched_init
 .text.z_impl_k_yield
                0x0000000000004798       0x88 zephyr/kernel/libkernel.a(sched.c.obj)
                0x0000000000004798                z_impl_k_yield
 .text.z_tick_sleep
                0x0000000000004820       0x80 zephyr/kernel/libkernel.a(sched.c.obj)
 .text.z_impl_k_wakeup
                0x00000000000048a0       0x4c zephyr/kernel/libkernel.a(sched.c.obj)
                0x00000000000048a0                z_impl_k_wakeup
 .text.z_impl_k_sched_current_thread_query
                0x00000000000048ec        0xc zephyr/kernel/libkernel.a(sched.c.obj)
                0x00000000000048ec                z_impl_k_sched_current_thread_query
 .text.z_thread_abort
                0x00000000000048f8      0x114 zephyr/kernel/libkernel.a(sched.c.obj)
                0x00000000000048f8                z_thread_abort
 .text.slice_timeout
                0x0000000000004a0c       0x20 zephyr/kernel/libkernel.a(timeslicing.c.obj)
 .text.thread_is_sliceable
                0x0000000000004a2c       0x3c zephyr/kernel/libkernel.a(timeslicing.c.obj)
                0x0000000000004a2c                thread_is_sliceable
 .text.z_reset_time_slice
                0x0000000000004a68       0x50 zephyr/kernel/libkernel.a(timeslicing.c.obj)
                0x0000000000004a68                z_reset_time_slice
 .text.z_time_slice
                0x0000000000004ab8       0x60 zephyr/kernel/libkernel.a(timeslicing.c.obj)
                0x0000000000004ab8                z_time_slice
 .text.z_data_copy
                0x0000000000004b18       0x38 zephyr/kernel/libkernel.a(xip.c.obj)
                0x0000000000004b18                z_data_copy
 .text.first    0x0000000000004b50       0x10 zephyr/kernel/libkernel.a(timeout.c.obj)
 .text.elapsed  0x0000000000004b60       0x14 zephyr/kernel/libkernel.a(timeout.c.obj)
 .text.remove_timeout
                0x0000000000004b74       0x38 zephyr/kernel/libkernel.a(timeout.c.obj)
 .text.z_add_timeout
                0x0000000000004bac       0xec zephyr/kernel/libkernel.a(timeout.c.obj)
                0x0000000000004bac                z_add_timeout
 .text.sys_clock_announce
                0x0000000000004c98       0xbc zephyr/kernel/libkernel.a(timeout.c.obj)
                0x0000000000004c98                sys_clock_announce
 .text.sys_clock_tick_get
                0x0000000000004d54       0x30 zephyr/kernel/libkernel.a(timeout.c.obj)
                0x0000000000004d54                sys_clock_tick_get
 .text.k_thread_system_pool_assign
                0x0000000000004d84        0xc zephyr/kernel/libkernel.a(mempool.c.obj)
                0x0000000000004d84                k_thread_system_pool_assign
 .text.statics_init
                0x0000000000004d90       0x24 zephyr/kernel/libkernel.a(kheap.c.obj)
 .text.verify_header
                0x0000000000004db4       0x40 modules/nrf/subsys/nrf_security/src/libmbedcrypto.a(memory_buffer_alloc.c.obj)
 .text.verify_chain
                0x0000000000004df4       0x3c modules/nrf/subsys/nrf_security/src/libmbedcrypto.a(memory_buffer_alloc.c.obj)
 .text.buffer_alloc_calloc_mutexed
                0x0000000000004e30      0x128 modules/nrf/subsys/nrf_security/src/libmbedcrypto.a(memory_buffer_alloc.c.obj)
 .text.buffer_alloc_free_mutexed
                0x0000000000004f58      0x128 modules/nrf/subsys/nrf_security/src/libmbedcrypto.a(memory_buffer_alloc.c.obj)
 .text.mbedtls_memory_buffer_alloc_init
                0x0000000000005080       0x78 modules/nrf/subsys/nrf_security/src/libmbedcrypto.a(memory_buffer_alloc.c.obj)
                0x0000000000005080                mbedtls_memory_buffer_alloc_init
 .text.mbedtls_calloc
                0x00000000000050f8        0xc modules/nrf/subsys/nrf_security/src/core/nrf_oberon/liboberon_psa_core.a(platform.c.obj)
                0x00000000000050f8                mbedtls_calloc
 .text.mbedtls_free
                0x0000000000005104        0xc modules/nrf/subsys/nrf_security/src/core/nrf_oberon/liboberon_psa_core.a(platform.c.obj)
                0x0000000000005104                mbedtls_free
 .text.mbedtls_platform_set_calloc_free
                0x0000000000005110       0x14 modules/nrf/subsys/nrf_security/src/core/nrf_oberon/liboberon_psa_core.a(platform.c.obj)
                0x0000000000005110                mbedtls_platform_set_calloc_free
 .text.mbedtls_platform_zeroize
                0x0000000000005124       0x18 modules/nrf/subsys/nrf_security/src/core/nrf_oberon/liboberon_psa_core.a(platform_util.c.obj)
                0x0000000000005124                mbedtls_platform_zeroize
 .text.psa_get_initialized
                0x000000000000513c       0x4c modules/nrf/subsys/nrf_security/src/core/nrf_oberon/liboberon_psa_core.a(psa_crypto.c.obj)
 .text.psa_mac_key_can_do
                0x0000000000005188       0x40 modules/nrf/subsys/nrf_security/src/core/nrf_oberon/liboberon_psa_core.a(psa_crypto.c.obj)
 .text.psa_key_algorithm_permits
                0x00000000000051c8      0x1f8 modules/nrf/subsys/nrf_security/src/core/nrf_oberon/liboberon_psa_core.a(psa_crypto.c.obj)
 .text.psa_aead_check_nonce_length
                0x00000000000053c0       0x24 modules/nrf/subsys/nrf_security/src/core/nrf_oberon/liboberon_psa_core.a(psa_crypto.c.obj)
 .text.psa_aead_check_algorithm
                0x00000000000053e4       0xa4 modules/nrf/subsys/nrf_security/src/core/nrf_oberon/liboberon_psa_core.a(psa_crypto.c.obj)
 .text.psa_get_and_lock_key_slot_with_policy
                0x0000000000005488       0xdc modules/nrf/subsys/nrf_security/src/core/nrf_oberon/liboberon_psa_core.a(psa_crypto.c.obj)
 .text.psa_finish_key_creation.constprop.0
                0x0000000000005564       0x54 modules/nrf/subsys/nrf_security/src/core/nrf_oberon/liboberon_psa_core.a(psa_crypto.c.obj)
 .text.psa_start_key_creation.constprop.0
                0x00000000000055b8       0xc4 modules/nrf/subsys/nrf_security/src/core/nrf_oberon/liboberon_psa_core.a(psa_crypto.c.obj)
 .text.psa_fail_key_creation.constprop.0
                0x000000000000567c       0x30 modules/nrf/subsys/nrf_security/src/core/nrf_oberon/liboberon_psa_core.a(psa_crypto.c.obj)
 .text.psa_destroy_key
                0x00000000000056ac       0x84 modules/nrf/subsys/nrf_security/src/core/nrf_oberon/liboberon_psa_core.a(psa_crypto.c.obj)
                0x00000000000056ac                psa_destroy_key
 .text.psa_import_key
                0x0000000000005730      0x16c modules/nrf/subsys/nrf_security/src/core/nrf_oberon/liboberon_psa_core.a(psa_crypto.c.obj)
                0x0000000000005730                psa_import_key
 .text.mbedtls_psa_crypto_free
                0x000000000000589c       0x90 modules/nrf/subsys/nrf_security/src/core/nrf_oberon/liboberon_psa_core.a(psa_crypto.c.obj)
                0x000000000000589c                mbedtls_psa_crypto_free
 .text.psa_crypto_init
                0x000000000000592c      0x104 modules/nrf/subsys/nrf_security/src/core/nrf_oberon/liboberon_psa_core.a(psa_crypto.c.obj)
                0x000000000000592c                psa_crypto_init
 .text.psa_get_key_slots_initialized
                0x0000000000005a30       0x30 modules/nrf/subsys/nrf_security/src/core/nrf_oberon/liboberon_psa_core.a(psa_crypto_slot_management.c.obj)
 .text.psa_get_and_lock_key_slot_in_memory
                0x0000000000005a60       0x7c modules/nrf/subsys/nrf_security/src/core/nrf_oberon/liboberon_psa_core.a(psa_crypto_slot_management.c.obj)
 .text.psa_initialize_key_slots
                0x0000000000005adc       0x10 modules/nrf/subsys/nrf_security/src/core/nrf_oberon/liboberon_psa_core.a(psa_crypto_slot_management.c.obj)
                0x0000000000005adc                psa_initialize_key_slots
 .text.psa_wipe_all_key_slots
                0x0000000000005aec       0x34 modules/nrf/subsys/nrf_security/src/core/nrf_oberon/liboberon_psa_core.a(psa_crypto_slot_management.c.obj)
                0x0000000000005aec                psa_wipe_all_key_slots
 .text.psa_reserve_free_key_slot
                0x0000000000005b20       0x90 modules/nrf/subsys/nrf_security/src/core/nrf_oberon/liboberon_psa_core.a(psa_crypto_slot_management.c.obj)
                0x0000000000005b20                psa_reserve_free_key_slot
 .text.psa_get_and_lock_key_slot
                0x0000000000005bb0       0x68 modules/nrf/subsys/nrf_security/src/core/nrf_oberon/liboberon_psa_core.a(psa_crypto_slot_management.c.obj)
                0x0000000000005bb0                psa_get_and_lock_key_slot
 .text.psa_unregister_read_under_mutex
                0x0000000000005c18       0x3c modules/nrf/subsys/nrf_security/src/core/nrf_oberon/liboberon_psa_core.a(psa_crypto_slot_management.c.obj)
                0x0000000000005c18                psa_unregister_read_under_mutex
 .text.aead_setup.isra.0
                0x0000000000005c54      0x168 /opt/nordic/ncs/v3.0.0/nrfxlib/crypto/nrf_cc312_mbedcrypto/lib/cortex-m33/soft-float/no-interrupts/libnrf_cc312_psa_crypto_0.9.19.a(cc3xx_psa_aead.c.obj)
 .text.cc3xx_aead_set_nonce
                0x0000000000005dbc       0xc0 /opt/nordic/ncs/v3.0.0/nrfxlib/crypto/nrf_cc312_mbedcrypto/lib/cortex-m33/soft-float/no-interrupts/libnrf_cc312_psa_crypto_0.9.19.a(cc3xx_psa_aead.c.obj)
                0x0000000000005dbc                cc3xx_aead_set_nonce
 .text.cc3xx_aead_set_lengths
                0x0000000000005e7c       0x54 /opt/nordic/ncs/v3.0.0/nrfxlib/crypto/nrf_cc312_mbedcrypto/lib/cortex-m33/soft-float/no-interrupts/libnrf_cc312_psa_crypto_0.9.19.a(cc3xx_psa_aead.c.obj)
                0x0000000000005e7c                cc3xx_aead_set_lengths
 .text.cc3xx_aead_update_ad
                0x0000000000005ed0       0x58 /opt/nordic/ncs/v3.0.0/nrfxlib/crypto/nrf_cc312_mbedcrypto/lib/cortex-m33/soft-float/no-interrupts/libnrf_cc312_psa_crypto_0.9.19.a(cc3xx_psa_aead.c.obj)
                0x0000000000005ed0                cc3xx_aead_update_ad
 .text.cc3xx_aead_update
                0x0000000000005f28      0x120 /opt/nordic/ncs/v3.0.0/nrfxlib/crypto/nrf_cc312_mbedcrypto/lib/cortex-m33/soft-float/no-interrupts/libnrf_cc312_psa_crypto_0.9.19.a(cc3xx_psa_aead.c.obj)
                0x0000000000005f28                cc3xx_aead_update
 .text.cc3xx_aead_finish
                0x0000000000006048       0xa4 /opt/nordic/ncs/v3.0.0/nrfxlib/crypto/nrf_cc312_mbedcrypto/lib/cortex-m33/soft-float/no-interrupts/libnrf_cc312_psa_crypto_0.9.19.a(cc3xx_psa_aead.c.obj)
                0x0000000000006048                cc3xx_aead_finish
 .text.cc3xx_aead_verify
                0x00000000000060ec       0x98 /opt/nordic/ncs/v3.0.0/nrfxlib/crypto/nrf_cc312_mbedcrypto/lib/cortex-m33/soft-float/no-interrupts/libnrf_cc312_psa_crypto_0.9.19.a(cc3xx_psa_aead.c.obj)
                0x00000000000060ec                cc3xx_aead_verify
 .text.aead_one_shot_with_multipart
                0x0000000000006184      0x230 /opt/nordic/ncs/v3.0.0/nrfxlib/crypto/nrf_cc312_mbedcrypto/lib/cortex-m33/soft-float/no-interrupts/libnrf_cc312_psa_crypto_0.9.19.a(cc3xx_psa_aead.c.obj)
 .text.cc3xx_aead_encrypt
                0x00000000000063b4       0x3c /opt/nordic/ncs/v3.0.0/nrfxlib/crypto/nrf_cc312_mbedcrypto/lib/cortex-m33/soft-float/no-interrupts/libnrf_cc312_psa_crypto_0.9.19.a(cc3xx_psa_aead.c.obj)
                0x00000000000063b4                cc3xx_aead_encrypt
 .text.cc3xx_gcm_init
                0x00000000000063f0        0xc /opt/nordic/ncs/v3.0.0/nrfxlib/crypto/nrf_cc312_mbedcrypto/lib/cortex-m33/soft-float/no-interrupts/libnrf_cc312_psa_crypto_0.9.19.a(cc3xx_internal_gcm.c.obj)
                0x00000000000063f0                cc3xx_gcm_init
 .text.cc3xx_gcm_free
                0x00000000000063fc        0xc /opt/nordic/ncs/v3.0.0/nrfxlib/crypto/nrf_cc312_mbedcrypto/lib/cortex-m33/soft-float/no-interrupts/libnrf_cc312_psa_crypto_0.9.19.a(cc3xx_internal_gcm.c.obj)
                0x00000000000063fc                cc3xx_gcm_free
 .text.cc3xx_gcm_setkey_enc
                0x0000000000006408       0x3c /opt/nordic/ncs/v3.0.0/nrfxlib/crypto/nrf_cc312_mbedcrypto/lib/cortex-m33/soft-float/no-interrupts/libnrf_cc312_psa_crypto_0.9.19.a(cc3xx_internal_gcm.c.obj)
                0x0000000000006408                cc3xx_gcm_setkey_enc
 .text.cc3xx_gcm_setkey_dec
                0x0000000000006444       0x3c /opt/nordic/ncs/v3.0.0/nrfxlib/crypto/nrf_cc312_mbedcrypto/lib/cortex-m33/soft-float/no-interrupts/libnrf_cc312_psa_crypto_0.9.19.a(cc3xx_internal_gcm.c.obj)
                0x0000000000006444                cc3xx_gcm_setkey_dec
 .text.cc3xx_gcm_set_nonce
                0x0000000000006480       0xa4 /opt/nordic/ncs/v3.0.0/nrfxlib/crypto/nrf_cc312_mbedcrypto/lib/cortex-m33/soft-float/no-interrupts/libnrf_cc312_psa_crypto_0.9.19.a(cc3xx_internal_gcm.c.obj)
                0x0000000000006480                cc3xx_gcm_set_nonce
 .text.cc3xx_gcm_set_lengths
                0x0000000000006524       0x20 /opt/nordic/ncs/v3.0.0/nrfxlib/crypto/nrf_cc312_mbedcrypto/lib/cortex-m33/soft-float/no-interrupts/libnrf_cc312_psa_crypto_0.9.19.a(cc3xx_internal_gcm.c.obj)
                0x0000000000006524                cc3xx_gcm_set_lengths
 .text.cc3xx_gcm_update_ad
                0x0000000000006544       0x68 /opt/nordic/ncs/v3.0.0/nrfxlib/crypto/nrf_cc312_mbedcrypto/lib/cortex-m33/soft-float/no-interrupts/libnrf_cc312_psa_crypto_0.9.19.a(cc3xx_internal_gcm.c.obj)
                0x0000000000006544                cc3xx_gcm_update_ad
 .text.cc3xx_gcm_update
                0x00000000000065ac       0x4c /opt/nordic/ncs/v3.0.0/nrfxlib/crypto/nrf_cc312_mbedcrypto/lib/cortex-m33/soft-float/no-interrupts/libnrf_cc312_psa_crypto_0.9.19.a(cc3xx_internal_gcm.c.obj)
                0x00000000000065ac                cc3xx_gcm_update
 .text.cc3xx_gcm_finish
                0x00000000000065f8      0x110 /opt/nordic/ncs/v3.0.0/nrfxlib/crypto/nrf_cc312_mbedcrypto/lib/cortex-m33/soft-float/no-interrupts/libnrf_cc312_psa_crypto_0.9.19.a(cc3xx_internal_gcm.c.obj)
                0x00000000000065f8                cc3xx_gcm_finish
 .text.ccm_ass_data
                0x0000000000006708      0x180 /opt/nordic/ncs/v3.0.0/nrfxlib/crypto/nrf_cc312_mbedcrypto/lib/cortex-m33/soft-float/no-interrupts/libnrf_cc312_psa_crypto_0.9.19.a(cc3xx_internal_ccm.c.obj)
 .text.cc3xx_ccm_init
                0x0000000000006888        0xc /opt/nordic/ncs/v3.0.0/nrfxlib/crypto/nrf_cc312_mbedcrypto/lib/cortex-m33/soft-float/no-interrupts/libnrf_cc312_psa_crypto_0.9.19.a(cc3xx_internal_ccm.c.obj)
                0x0000000000006888                cc3xx_ccm_init
 .text.cc3xx_ccm_free
                0x0000000000006894        0xc /opt/nordic/ncs/v3.0.0/nrfxlib/crypto/nrf_cc312_mbedcrypto/lib/cortex-m33/soft-float/no-interrupts/libnrf_cc312_psa_crypto_0.9.19.a(cc3xx_internal_ccm.c.obj)
                0x0000000000006894                cc3xx_ccm_free
 .text.cc3xx_ccm_setkey_enc
                0x00000000000068a0       0x3c /opt/nordic/ncs/v3.0.0/nrfxlib/crypto/nrf_cc312_mbedcrypto/lib/cortex-m33/soft-float/no-interrupts/libnrf_cc312_psa_crypto_0.9.19.a(cc3xx_internal_ccm.c.obj)
                0x00000000000068a0                cc3xx_ccm_setkey_enc
 .text.cc3xx_ccm_setkey_dec
                0x00000000000068dc       0x3c /opt/nordic/ncs/v3.0.0/nrfxlib/crypto/nrf_cc312_mbedcrypto/lib/cortex-m33/soft-float/no-interrupts/libnrf_cc312_psa_crypto_0.9.19.a(cc3xx_internal_ccm.c.obj)
                0x00000000000068dc                cc3xx_ccm_setkey_dec
 .text.cc3xx_ccm_set_lengths
                0x0000000000006918       0x14 /opt/nordic/ncs/v3.0.0/nrfxlib/crypto/nrf_cc312_mbedcrypto/lib/cortex-m33/soft-float/no-interrupts/libnrf_cc312_psa_crypto_0.9.19.a(cc3xx_internal_ccm.c.obj)
                0x0000000000006918                cc3xx_ccm_set_lengths
 .text.cc3xx_ccm_set_nonce
                0x000000000000692c      0x1dc /opt/nordic/ncs/v3.0.0/nrfxlib/crypto/nrf_cc312_mbedcrypto/lib/cortex-m33/soft-float/no-interrupts/libnrf_cc312_psa_crypto_0.9.19.a(cc3xx_internal_ccm.c.obj)
                0x000000000000692c                cc3xx_ccm_set_nonce
 .text.cc3xx_ccm_update_ad
                0x0000000000006b08        0xc /opt/nordic/ncs/v3.0.0/nrfxlib/crypto/nrf_cc312_mbedcrypto/lib/cortex-m33/soft-float/no-interrupts/libnrf_cc312_psa_crypto_0.9.19.a(cc3xx_internal_ccm.c.obj)
                0x0000000000006b08                cc3xx_ccm_update_ad
 .text.cc3xx_ccm_update
                0x0000000000006b14       0xa0 /opt/nordic/ncs/v3.0.0/nrfxlib/crypto/nrf_cc312_mbedcrypto/lib/cortex-m33/soft-float/no-interrupts/libnrf_cc312_psa_crypto_0.9.19.a(cc3xx_internal_ccm.c.obj)
                0x0000000000006b14                cc3xx_ccm_update
 .text.cc3xx_ccm_finish
                0x0000000000006bb4       0xdc /opt/nordic/ncs/v3.0.0/nrfxlib/crypto/nrf_cc312_mbedcrypto/lib/cortex-m33/soft-float/no-interrupts/libnrf_cc312_psa_crypto_0.9.19.a(cc3xx_internal_ccm.c.obj)
                0x0000000000006bb4                cc3xx_ccm_finish
 .text.cc3xx_chacha20_init
                0x0000000000006c90       0x20 /opt/nordic/ncs/v3.0.0/nrfxlib/crypto/nrf_cc312_mbedcrypto/lib/cortex-m33/soft-float/no-interrupts/libnrf_cc312_psa_crypto_0.9.19.a(cc3xx_internal_chacha20.c.obj)
                0x0000000000006c90                cc3xx_chacha20_init
 .text.cc3xx_chacha20_free
                0x0000000000006cb0        0xc /opt/nordic/ncs/v3.0.0/nrfxlib/crypto/nrf_cc312_mbedcrypto/lib/cortex-m33/soft-float/no-interrupts/libnrf_cc312_psa_crypto_0.9.19.a(cc3xx_internal_chacha20.c.obj)
                0x0000000000006cb0                cc3xx_chacha20_free
 .text.cc3xx_chacha20_setkey
                0x0000000000006cbc       0x20 /opt/nordic/ncs/v3.0.0/nrfxlib/crypto/nrf_cc312_mbedcrypto/lib/cortex-m33/soft-float/no-interrupts/libnrf_cc312_psa_crypto_0.9.19.a(cc3xx_internal_chacha20.c.obj)
                0x0000000000006cbc                cc3xx_chacha20_setkey
 .text.cc3xx_chacha20_set_nonce
                0x0000000000006cdc       0x30 /opt/nordic/ncs/v3.0.0/nrfxlib/crypto/nrf_cc312_mbedcrypto/lib/cortex-m33/soft-float/no-interrupts/libnrf_cc312_psa_crypto_0.9.19.a(cc3xx_internal_chacha20.c.obj)
                0x0000000000006cdc                cc3xx_chacha20_set_nonce
 .text.cc3xx_chacha20_set_counter
                0x0000000000006d0c       0x1c /opt/nordic/ncs/v3.0.0/nrfxlib/crypto/nrf_cc312_mbedcrypto/lib/cortex-m33/soft-float/no-interrupts/libnrf_cc312_psa_crypto_0.9.19.a(cc3xx_internal_chacha20.c.obj)
                0x0000000000006d0c                cc3xx_chacha20_set_counter
 .text.cc3xx_chacha20_update
                0x0000000000006d28      0x2f0 /opt/nordic/ncs/v3.0.0/nrfxlib/crypto/nrf_cc312_mbedcrypto/lib/cortex-m33/soft-float/no-interrupts/libnrf_cc312_psa_crypto_0.9.19.a(cc3xx_internal_chacha20.c.obj)
                0x0000000000006d28                cc3xx_chacha20_update
 .text.cc3xx_chacha20_poly1305_gen_otk
                0x0000000000007018       0x7c /opt/nordic/ncs/v3.0.0/nrfxlib/crypto/nrf_cc312_mbedcrypto/lib/cortex-m33/soft-float/no-interrupts/libnrf_cc312_psa_crypto_0.9.19.a(cc3xx_internal_chacha20_poly1305.c.obj)
                0x0000000000007018                cc3xx_chacha20_poly1305_gen_otk
 .text.cc3xx_chacha20_poly1305_set_otk
                0x0000000000007094       0x24 /opt/nordic/ncs/v3.0.0/nrfxlib/crypto/nrf_cc312_mbedcrypto/lib/cortex-m33/soft-float/no-interrupts/libnrf_cc312_psa_crypto_0.9.19.a(cc3xx_internal_chacha20_poly1305.c.obj)
                0x0000000000007094                cc3xx_chacha20_poly1305_set_otk
 .text.cc3xx_chacha20_poly1305_set_lengths
                0x00000000000070b8       0x20 /opt/nordic/ncs/v3.0.0/nrfxlib/crypto/nrf_cc312_mbedcrypto/lib/cortex-m33/soft-float/no-interrupts/libnrf_cc312_psa_crypto_0.9.19.a(cc3xx_internal_chacha20_poly1305.c.obj)
                0x00000000000070b8                cc3xx_chacha20_poly1305_set_lengths
 .text.cc3xx_chacha20_poly1305_update_ad
                0x00000000000070d8       0x2c /opt/nordic/ncs/v3.0.0/nrfxlib/crypto/nrf_cc312_mbedcrypto/lib/cortex-m33/soft-float/no-interrupts/libnrf_cc312_psa_crypto_0.9.19.a(cc3xx_internal_chacha20_poly1305.c.obj)
                0x00000000000070d8                cc3xx_chacha20_poly1305_update_ad
 .text.cc3xx_chacha20_poly1305_update
                0x0000000000007104       0xc4 /opt/nordic/ncs/v3.0.0/nrfxlib/crypto/nrf_cc312_mbedcrypto/lib/cortex-m33/soft-float/no-interrupts/libnrf_cc312_psa_crypto_0.9.19.a(cc3xx_internal_chacha20_poly1305.c.obj)
                0x0000000000007104                cc3xx_chacha20_poly1305_update
 .text.cc3xx_chacha20_poly1305_finish
                0x00000000000071c8       0x84 /opt/nordic/ncs/v3.0.0/nrfxlib/crypto/nrf_cc312_mbedcrypto/lib/cortex-m33/soft-float/no-interrupts/libnrf_cc312_psa_crypto_0.9.19.a(cc3xx_internal_chacha20_poly1305.c.obj)
                0x00000000000071c8                cc3xx_chacha20_poly1305_finish
 .text.cc3xx_chacha20_poly1305_verify
                0x000000000000724c       0x7c /opt/nordic/ncs/v3.0.0/nrfxlib/crypto/nrf_cc312_mbedcrypto/lib/cortex-m33/soft-float/no-interrupts/libnrf_cc312_psa_crypto_0.9.19.a(cc3xx_internal_chacha20_poly1305.c.obj)
                0x000000000000724c                cc3xx_chacha20_poly1305_verify
 .text.get_next_cached_crypt_state
                0x00000000000072c8       0xb0 /opt/nordic/ncs/v3.0.0/nrfxlib/crypto/nrf_cc312_mbedcrypto/lib/cortex-m33/soft-float/no-interrupts/libnrf_cc312_core_0.9.19.a(cc_cached_crypt_state.c.obj)
                0x00000000000072c8                get_next_cached_crypt_state
 .text.init_cached_crypt_state
                0x0000000000007378       0xe0 /opt/nordic/ncs/v3.0.0/nrfxlib/crypto/nrf_cc312_mbedcrypto/lib/cortex-m33/soft-float/no-interrupts/libnrf_cc312_core_0.9.19.a(cc_cached_crypt_state.c.obj)
                0x0000000000007378                init_cached_crypt_state
 .text.loadAesGcmKey
                0x0000000000007458       0x90 /opt/nordic/ncs/v3.0.0/nrfxlib/crypto/nrf_cc312_mbedcrypto/lib/cortex-m33/soft-float/no-interrupts/libnrf_cc312_core_0.9.19.a(aesgcm_driver.c.obj)
 .text.ProcessAesGcm
                0x00000000000074e8      0x478 /opt/nordic/ncs/v3.0.0/nrfxlib/crypto/nrf_cc312_mbedcrypto/lib/cortex-m33/soft-float/no-interrupts/libnrf_cc312_core_0.9.19.a(aesgcm_driver.c.obj)
                0x00000000000074e8                ProcessAesGcm
 .text.CC_HalInit
                0x0000000000007960        0x4 /opt/nordic/ncs/v3.0.0/nrfxlib/crypto/nrf_cc312_platform/lib/cortex-m33/soft-float/no-interrupts/libnrf_cc312_platform_0.9.19.a(cc_hal.c.obj)
                0x0000000000007960                CC_HalInit
 .text.CC_HalClearInterruptBit
                0x0000000000007964       0x1c /opt/nordic/ncs/v3.0.0/nrfxlib/crypto/nrf_cc312_platform/lib/cortex-m33/soft-float/no-interrupts/libnrf_cc312_platform_0.9.19.a(cc_hal.c.obj)
                0x0000000000007964                CC_HalClearInterruptBit
 .text.CC_HalMaskInterrupt
                0x0000000000007980        0xc /opt/nordic/ncs/v3.0.0/nrfxlib/crypto/nrf_cc312_platform/lib/cortex-m33/soft-float/no-interrupts/libnrf_cc312_platform_0.9.19.a(cc_hal.c.obj)
                0x0000000000007980                CC_HalMaskInterrupt
 .text.CC_HalWaitInterrupt
                0x000000000000798c        0xc /opt/nordic/ncs/v3.0.0/nrfxlib/crypto/nrf_cc312_platform/lib/cortex-m33/soft-float/no-interrupts/libnrf_cc312_platform_0.9.19.a(cc_hal.c.obj)
                0x000000000000798c                CC_HalWaitInterrupt
 .text.CC_HalWaitInterruptRND
                0x0000000000007998        0xc /opt/nordic/ncs/v3.0.0/nrfxlib/crypto/nrf_cc312_platform/lib/cortex-m33/soft-float/no-interrupts/libnrf_cc312_platform_0.9.19.a(cc_hal.c.obj)
                0x0000000000007998                CC_HalWaitInterruptRND
 .text.CC_PalInit
                0x00000000000079a4       0x5c /opt/nordic/ncs/v3.0.0/nrfxlib/crypto/nrf_cc312_platform/lib/cortex-m33/soft-float/no-interrupts/libnrf_cc312_platform_0.9.19.a(cc_pal.c.obj)
                0x00000000000079a4                CC_PalInit
 .text.CC_PalTerminate
                0x0000000000007a00       0x34 /opt/nordic/ncs/v3.0.0/nrfxlib/crypto/nrf_cc312_platform/lib/cortex-m33/soft-float/no-interrupts/libnrf_cc312_platform_0.9.19.a(cc_pal.c.obj)
                0x0000000000007a00                CC_PalTerminate
 .text.CC_PalDmaInit
                0x0000000000007a34        0x4 /opt/nordic/ncs/v3.0.0/nrfxlib/crypto/nrf_cc312_platform/lib/cortex-m33/soft-float/no-interrupts/libnrf_cc312_platform_0.9.19.a(cc_pal_dma.c.obj)
                0x0000000000007a34                CC_PalDmaInit
 .text.CC_PalDmaTerminate
                0x0000000000007a38        0x4 /opt/nordic/ncs/v3.0.0/nrfxlib/crypto/nrf_cc312_platform/lib/cortex-m33/soft-float/no-interrupts/libnrf_cc312_platform_0.9.19.a(cc_pal_dma.c.obj)
                0x0000000000007a38                CC_PalDmaTerminate
 .text.CC_PalWaitInterruptRND
                0x0000000000007a3c       0x38 /opt/nordic/ncs/v3.0.0/nrfxlib/crypto/nrf_cc312_platform/lib/cortex-m33/soft-float/no-interrupts/libnrf_cc312_platform_0.9.19.a(cc_pal_interrupt_ctrl.c.obj)
                0x0000000000007a3c                CC_PalWaitInterruptRND
 .text.CC_PalWaitInterrupt
                0x0000000000007a74       0x28 /opt/nordic/ncs/v3.0.0/nrfxlib/crypto/nrf_cc312_platform/lib/cortex-m33/soft-float/no-interrupts/libnrf_cc312_platform_0.9.19.a(cc_pal_interrupt_ctrl.c.obj)
                0x0000000000007a74                CC_PalWaitInterrupt
 .text.CC_PalSecMemCmp
                0x0000000000007a9c       0x34 /opt/nordic/ncs/v3.0.0/nrfxlib/crypto/nrf_cc312_platform/lib/cortex-m33/soft-float/no-interrupts/libnrf_cc312_platform_0.9.19.a(cc_pal_mem.c.obj)
                0x0000000000007a9c                CC_PalSecMemCmp
 .text.CC_PalMemCmpPlat
                0x0000000000007ad0        0x4 /opt/nordic/ncs/v3.0.0/nrfxlib/crypto/nrf_cc312_platform/lib/cortex-m33/soft-float/no-interrupts/libnrf_cc312_platform_0.9.19.a(cc_pal_mem.c.obj)
                0x0000000000007ad0                CC_PalMemCmpPlat
 .text.CC_PalMemCopyPlat
                0x0000000000007ad4        0x4 /opt/nordic/ncs/v3.0.0/nrfxlib/crypto/nrf_cc312_platform/lib/cortex-m33/soft-float/no-interrupts/libnrf_cc312_platform_0.9.19.a(cc_pal_mem.c.obj)
                0x0000000000007ad4                CC_PalMemCopyPlat
 .text.CC_PalMemSetPlat
                0x0000000000007ad8        0x4 /opt/nordic/ncs/v3.0.0/nrfxlib/crypto/nrf_cc312_platform/lib/cortex-m33/soft-float/no-interrupts/libnrf_cc312_platform_0.9.19.a(cc_pal_mem.c.obj)
                0x0000000000007ad8                CC_PalMemSetPlat
 .text.CC_PalMemSetZeroPlat
                0x0000000000007adc        0x8 /opt/nordic/ncs/v3.0.0/nrfxlib/crypto/nrf_cc312_platform/lib/cortex-m33/soft-float/no-interrupts/libnrf_cc312_platform_0.9.19.a(cc_pal_mem.c.obj)
                0x0000000000007adc                CC_PalMemSetZeroPlat
 .text.CC_PalMutexCreate
                0x0000000000007ae4       0x14 /opt/nordic/ncs/v3.0.0/nrfxlib/crypto/nrf_cc312_platform/lib/cortex-m33/soft-float/no-interrupts/libnrf_cc312_platform_0.9.19.a(cc_pal_mutex.c.obj)
                0x0000000000007ae4                CC_PalMutexCreate
 .text.CC_PalMutexDestroy
                0x0000000000007af8       0x14 /opt/nordic/ncs/v3.0.0/nrfxlib/crypto/nrf_cc312_platform/lib/cortex-m33/soft-float/no-interrupts/libnrf_cc312_platform_0.9.19.a(cc_pal_mutex.c.obj)
                0x0000000000007af8                CC_PalMutexDestroy
 .text.CC_PalMutexLock
                0x0000000000007b0c       0x10 /opt/nordic/ncs/v3.0.0/nrfxlib/crypto/nrf_cc312_platform/lib/cortex-m33/soft-float/no-interrupts/libnrf_cc312_platform_0.9.19.a(cc_pal_mutex.c.obj)
                0x0000000000007b0c                CC_PalMutexLock
 .text.CC_PalMutexUnlock
                0x0000000000007b1c       0x14 /opt/nordic/ncs/v3.0.0/nrfxlib/crypto/nrf_cc312_platform/lib/cortex-m33/soft-float/no-interrupts/libnrf_cc312_platform_0.9.19.a(cc_pal_mutex.c.obj)
                0x0000000000007b1c                CC_PalMutexUnlock
 .text.CC_PalPowerSaveModeInit
                0x0000000000007b30       0x3c /opt/nordic/ncs/v3.0.0/nrfxlib/crypto/nrf_cc312_platform/lib/cortex-m33/soft-float/no-interrupts/libnrf_cc312_platform_0.9.19.a(cc_pal_pm.c.obj)
                0x0000000000007b30                CC_PalPowerSaveModeInit
 .text.CC_PalPowerSaveModeSelect
                0x0000000000007b6c       0x84 /opt/nordic/ncs/v3.0.0/nrfxlib/crypto/nrf_cc312_platform/lib/cortex-m33/soft-float/no-interrupts/libnrf_cc312_platform_0.9.19.a(cc_pal_pm.c.obj)
                0x0000000000007b6c                CC_PalPowerSaveModeSelect
 .text.mutex_init
                0x0000000000007bf0        0xc /opt/nordic/ncs/v3.0.0/nrfxlib/crypto/nrf_cc312_platform/lib/cortex-m33/soft-float/no-interrupts/libnrf_cc312_platform_0.9.19.a(threading_alt.c.obj)
                0x0000000000007bf0                mutex_init
 .text.mutex_lock
                0x0000000000007bfc        0xc /opt/nordic/ncs/v3.0.0/nrfxlib/crypto/nrf_cc312_platform/lib/cortex-m33/soft-float/no-interrupts/libnrf_cc312_platform_0.9.19.a(threading_alt.c.obj)
                0x0000000000007bfc                mutex_lock
 .text.mutex_unlock
                0x0000000000007c08        0xc /opt/nordic/ncs/v3.0.0/nrfxlib/crypto/nrf_cc312_platform/lib/cortex-m33/soft-float/no-interrupts/libnrf_cc312_platform_0.9.19.a(threading_alt.c.obj)
                0x0000000000007c08                mutex_unlock
 .text.nrf_cc3xx_platform_init
                0x0000000000007c14       0x44 /opt/nordic/ncs/v3.0.0/nrfxlib/crypto/nrf_cc312_platform/lib/cortex-m33/soft-float/no-interrupts/libnrf_cc312_platform_0.9.19.a(nrf_cc3xx_platform.c.obj)
                0x0000000000007c14                nrf_cc3xx_platform_init
 .text.nrf_cc3xx_platform_abort
                0x0000000000007c58       0x24 /opt/nordic/ncs/v3.0.0/nrfxlib/crypto/nrf_cc312_platform/lib/cortex-m33/soft-float/no-interrupts/libnrf_cc312_platform_0.9.19.a(nrf_cc3xx_platform_abort.c.obj)
 .text.CC_PalAbort
                0x0000000000007c7c       0x44 /opt/nordic/ncs/v3.0.0/nrfxlib/crypto/nrf_cc312_platform/lib/cortex-m33/soft-float/no-interrupts/libnrf_cc312_platform_0.9.19.a(nrf_cc3xx_platform_abort.c.obj)
                0x0000000000007c7c                CC_PalAbort
 .text.nrf_cc3xx_platform_set_abort
                0x0000000000007cc0       0x10 /opt/nordic/ncs/v3.0.0/nrfxlib/crypto/nrf_cc312_platform/lib/cortex-m33/soft-float/no-interrupts/libnrf_cc312_platform_0.9.19.a(nrf_cc3xx_platform_abort.c.obj)
                0x0000000000007cc0                nrf_cc3xx_platform_set_abort
 .text.nrf_cc3xx_platform_ctr_drbg_init
                0x0000000000007cd0       0x60 /opt/nordic/ncs/v3.0.0/nrfxlib/crypto/nrf_cc312_platform/lib/cortex-m33/soft-float/no-interrupts/libnrf_cc312_platform_0.9.19.a(nrf_cc3xx_platform_ctr_drbg.c.obj)
                0x0000000000007cd0                nrf_cc3xx_platform_ctr_drbg_init
 .text.nrf_cc3xx_platform_ctr_drbg_get
                0x0000000000007d30       0x44 /opt/nordic/ncs/v3.0.0/nrfxlib/crypto/nrf_cc312_platform/lib/cortex-m33/soft-float/no-interrupts/libnrf_cc312_platform_0.9.19.a(nrf_cc3xx_platform_ctr_drbg.c.obj)
                0x0000000000007d30                nrf_cc3xx_platform_ctr_drbg_get
 .text.mutex_free
                0x0000000000007d74       0x34 /opt/nordic/ncs/v3.0.0/nrfxlib/crypto/nrf_cc312_platform/lib/cortex-m33/soft-float/no-interrupts/libnrf_cc312_platform_0.9.19.a(nrf_cc3xx_platform_mutex.c.obj)
 .text.mutex_lock
                0x0000000000007da8       0x48 /opt/nordic/ncs/v3.0.0/nrfxlib/crypto/nrf_cc312_platform/lib/cortex-m33/soft-float/no-interrupts/libnrf_cc312_platform_0.9.19.a(nrf_cc3xx_platform_mutex.c.obj)
 .text.mutex_unlock
                0x0000000000007df0       0x38 /opt/nordic/ncs/v3.0.0/nrfxlib/crypto/nrf_cc312_platform/lib/cortex-m33/soft-float/no-interrupts/libnrf_cc312_platform_0.9.19.a(nrf_cc3xx_platform_mutex.c.obj)
 .text.mutex_init
                0x0000000000007e28       0x20 /opt/nordic/ncs/v3.0.0/nrfxlib/crypto/nrf_cc312_platform/lib/cortex-m33/soft-float/no-interrupts/libnrf_cc312_platform_0.9.19.a(nrf_cc3xx_platform_mutex.c.obj)
 .text.nrf_cc3xx_platform_set_mutexes
                0x0000000000007e48       0x78 /opt/nordic/ncs/v3.0.0/nrfxlib/crypto/nrf_cc312_platform/lib/cortex-m33/soft-float/no-interrupts/libnrf_cc312_platform_0.9.19.a(nrf_cc3xx_platform_mutex.c.obj)
                0x0000000000007e48                nrf_cc3xx_platform_set_mutexes
 .text.mbedtls_zeroize_internal
                0x0000000000007ec0       0x14 /opt/nordic/ncs/v3.0.0/nrfxlib/crypto/nrf_cc312_platform/lib/cortex-m33/soft-float/no-interrupts/libnrf_cc312_platform_0.9.19.a(mbedtls_common.c.obj)
                0x0000000000007ec0                mbedtls_zeroize_internal
 .text.cc_mbedtls_platform_zeroize
                0x0000000000007ed4       0x14 /opt/nordic/ncs/v3.0.0/nrfxlib/crypto/nrf_cc312_platform/lib/cortex-m33/soft-float/no-interrupts/libnrf_cc312_platform_0.9.19.a(mbedtls_common.c.obj)
                0x0000000000007ed4                cc_mbedtls_platform_zeroize
 .text.CC_CommonReverseMemcpy
                0x0000000000007ee8       0x54 /opt/nordic/ncs/v3.0.0/nrfxlib/crypto/nrf_cc312_platform/lib/cortex-m33/soft-float/no-interrupts/libnrf_cc312_platform_0.9.19.a(cc_common_conv_endian.c.obj)
                0x0000000000007ee8                CC_CommonReverseMemcpy
 .text.SetDataBuffersInfo
                0x0000000000007f3c       0x64 /opt/nordic/ncs/v3.0.0/nrfxlib/crypto/nrf_cc312_platform/lib/cortex-m33/soft-float/no-interrupts/libnrf_cc312_platform_0.9.19.a(driver_common.c.obj)
                0x0000000000007f3c                SetDataBuffersInfo
 .text.InitHashDrv
                0x0000000000007fa0       0x50 /opt/nordic/ncs/v3.0.0/nrfxlib/crypto/nrf_cc312_platform/lib/cortex-m33/soft-float/no-interrupts/libnrf_cc312_platform_0.9.19.a(hash_driver.c.obj)
                0x0000000000007fa0                InitHashDrv
 .text.ProcessHashDrv
                0x0000000000007ff0      0x210 /opt/nordic/ncs/v3.0.0/nrfxlib/crypto/nrf_cc312_platform/lib/cortex-m33/soft-float/no-interrupts/libnrf_cc312_platform_0.9.19.a(hash_driver.c.obj)
                0x0000000000007ff0                ProcessHashDrv
 .text.FinishHashDrv
                0x0000000000008200       0x74 /opt/nordic/ncs/v3.0.0/nrfxlib/crypto/nrf_cc312_platform/lib/cortex-m33/soft-float/no-interrupts/libnrf_cc312_platform_0.9.19.a(hash_driver.c.obj)
                0x0000000000008200                FinishHashDrv
 .text.InitAes  0x0000000000008274       0xc8 /opt/nordic/ncs/v3.0.0/nrfxlib/crypto/nrf_cc312_platform/lib/cortex-m33/soft-float/no-interrupts/libnrf_cc312_platform_0.9.19.a(aes_driver.c.obj)
 .text.LoadAesKey
                0x000000000000833c      0x114 /opt/nordic/ncs/v3.0.0/nrfxlib/crypto/nrf_cc312_platform/lib/cortex-m33/soft-float/no-interrupts/libnrf_cc312_platform_0.9.19.a(aes_driver.c.obj)
 .text.write_invalid_key
                0x0000000000008450       0x50 /opt/nordic/ncs/v3.0.0/nrfxlib/crypto/nrf_cc312_platform/lib/cortex-m33/soft-float/no-interrupts/libnrf_cc312_platform_0.9.19.a(aes_driver.c.obj)
                0x0000000000008450                write_invalid_key
 .text.ProcessAesDrv
                0x00000000000084a0      0x338 /opt/nordic/ncs/v3.0.0/nrfxlib/crypto/nrf_cc312_platform/lib/cortex-m33/soft-float/no-interrupts/libnrf_cc312_platform_0.9.19.a(aes_driver.c.obj)
                0x00000000000084a0                ProcessAesDrv
 .text.FinishAesDrv
                0x00000000000087d8      0x200 /opt/nordic/ncs/v3.0.0/nrfxlib/crypto/nrf_cc312_platform/lib/cortex-m33/soft-float/no-interrupts/libnrf_cc312_platform_0.9.19.a(aes_driver.c.obj)
                0x00000000000087d8                FinishAesDrv
 .text.ProcessChacha
                0x00000000000089d8      0x294 /opt/nordic/ncs/v3.0.0/nrfxlib/crypto/nrf_cc312_platform/lib/cortex-m33/soft-float/no-interrupts/libnrf_cc312_platform_0.9.19.a(chacha_driver.c.obj)
                0x00000000000089d8                ProcessChacha
 .text.kmu_validate_slot_and_size
                0x0000000000008c6c       0x2c /opt/nordic/ncs/v3.0.0/nrfxlib/crypto/nrf_cc312_platform/lib/cortex-m33/soft-float/no-interrupts/libnrf_cc312_platform_0.9.19.a(kmu_shared.c.obj)
                0x0000000000008c6c                kmu_validate_slot_and_size
 .text.kmu_validate_slot_and_size_no_kdr
                0x0000000000008c98       0x2c /opt/nordic/ncs/v3.0.0/nrfxlib/crypto/nrf_cc312_platform/lib/cortex-m33/soft-float/no-interrupts/libnrf_cc312_platform_0.9.19.a(kmu_shared.c.obj)
                0x0000000000008c98                kmu_validate_slot_and_size_no_kdr
 .text.kmu_load_key_chacha20
                0x0000000000008cc4      0x108 /opt/nordic/ncs/v3.0.0/nrfxlib/crypto/nrf_cc312_platform/lib/cortex-m33/soft-float/no-interrupts/libnrf_cc312_platform_0.9.19.a(kmu_shared.c.obj)
                0x0000000000008cc4                kmu_load_key_chacha20
 .text.kmu_load_key_aes
                0x0000000000008dcc      0x200 /opt/nordic/ncs/v3.0.0/nrfxlib/crypto/nrf_cc312_platform/lib/cortex-m33/soft-float/no-interrupts/libnrf_cc312_platform_0.9.19.a(kmu_shared.c.obj)
                0x0000000000008dcc                kmu_load_key_aes
 .text.kmu_derive_cmac
                0x0000000000008fcc      0x120 /opt/nordic/ncs/v3.0.0/nrfxlib/crypto/nrf_cc312_platform/lib/cortex-m33/soft-float/no-interrupts/libnrf_cc312_platform_0.9.19.a(kmu_shared.c.obj)
                0x0000000000008fcc                kmu_derive_cmac
 .text.kmu_shadow_key_derive
                0x00000000000090ec       0x98 /opt/nordic/ncs/v3.0.0/nrfxlib/crypto/nrf_cc312_platform/lib/cortex-m33/soft-float/no-interrupts/libnrf_cc312_platform_0.9.19.a(kmu_shared.c.obj)
                0x00000000000090ec                kmu_shadow_key_derive
 .text.write_invalid_chacha20_key
                0x0000000000009184       0x40 /opt/nordic/ncs/v3.0.0/nrfxlib/crypto/nrf_cc312_platform/lib/cortex-m33/soft-float/no-interrupts/libnrf_cc312_platform_0.9.19.a(cc_platform_keys.c.obj)
                0x0000000000009184                write_invalid_chacha20_key
 .text.cc_platform_prepare_chacha_key
                0x00000000000091c4       0x4c /opt/nordic/ncs/v3.0.0/nrfxlib/crypto/nrf_cc312_platform/lib/cortex-m33/soft-float/no-interrupts/libnrf_cc312_platform_0.9.19.a(cc_platform_keys.c.obj)
                0x00000000000091c4                cc_platform_prepare_chacha_key
 .text.cc_platform_load_chacha_key
                0x0000000000009210       0x68 /opt/nordic/ncs/v3.0.0/nrfxlib/crypto/nrf_cc312_platform/lib/cortex-m33/soft-float/no-interrupts/libnrf_cc312_platform_0.9.19.a(cc_platform_keys.c.obj)
                0x0000000000009210                cc_platform_load_chacha_key
 .text.cc_platform_cleanup_chacha_key
                0x0000000000009278       0x3c /opt/nordic/ncs/v3.0.0/nrfxlib/crypto/nrf_cc312_platform/lib/cortex-m33/soft-float/no-interrupts/libnrf_cc312_platform_0.9.19.a(cc_platform_keys.c.obj)
                0x0000000000009278                cc_platform_cleanup_chacha_key
 .text.PolyAccCalcFullBlocks
                0x00000000000092b4      0x158 /opt/nordic/ncs/v3.0.0/nrfxlib/crypto/nrf_cc312_platform/lib/cortex-m33/soft-float/no-interrupts/libnrf_cc312_platform_0.9.19.a(poly.c.obj)
 .text.PolyAccRemainBlock
                0x000000000000940c       0xe0 /opt/nordic/ncs/v3.0.0/nrfxlib/crypto/nrf_cc312_platform/lib/cortex-m33/soft-float/no-interrupts/libnrf_cc312_platform_0.9.19.a(poly.c.obj)
 .text.poly_restore_context.isra.0
                0x00000000000094ec       0xe8 /opt/nordic/ncs/v3.0.0/nrfxlib/crypto/nrf_cc312_platform/lib/cortex-m33/soft-float/no-interrupts/libnrf_cc312_platform_0.9.19.a(poly.c.obj)
 .text.PolyInit
                0x00000000000095d4       0x54 /opt/nordic/ncs/v3.0.0/nrfxlib/crypto/nrf_cc312_platform/lib/cortex-m33/soft-float/no-interrupts/libnrf_cc312_platform_0.9.19.a(poly.c.obj)
                0x00000000000095d4                PolyInit
 .text.PolyUpdate
                0x0000000000009628      0x2c0 /opt/nordic/ncs/v3.0.0/nrfxlib/crypto/nrf_cc312_platform/lib/cortex-m33/soft-float/no-interrupts/libnrf_cc312_platform_0.9.19.a(poly.c.obj)
                0x0000000000009628                PolyUpdate
 .text.PolyFinish
                0x00000000000098e8       0xac /opt/nordic/ncs/v3.0.0/nrfxlib/crypto/nrf_cc312_platform/lib/cortex-m33/soft-float/no-interrupts/libnrf_cc312_platform_0.9.19.a(poly.c.obj)
                0x00000000000098e8                PolyFinish
 .text.PkaInitPka
                0x0000000000009994       0xf4 /opt/nordic/ncs/v3.0.0/nrfxlib/crypto/nrf_cc312_platform/lib/cortex-m33/soft-float/no-interrupts/libnrf_cc312_platform_0.9.19.a(pka.c.obj)
                0x0000000000009994                PkaInitPka
 .text.PkaInitAndMutexLock
                0x0000000000009a88       0x8c /opt/nordic/ncs/v3.0.0/nrfxlib/crypto/nrf_cc312_platform/lib/cortex-m33/soft-float/no-interrupts/libnrf_cc312_platform_0.9.19.a(pka.c.obj)
                0x0000000000009a88                PkaInitAndMutexLock
 .text.PkaClearBlockOfRegs
                0x0000000000009b14      0x134 /opt/nordic/ncs/v3.0.0/nrfxlib/crypto/nrf_cc312_platform/lib/cortex-m33/soft-float/no-interrupts/libnrf_cc312_platform_0.9.19.a(pka.c.obj)
                0x0000000000009b14                PkaClearBlockOfRegs
 .text.PkaFinishAndMutexUnlock
                0x0000000000009c48       0x54 /opt/nordic/ncs/v3.0.0/nrfxlib/crypto/nrf_cc312_platform/lib/cortex-m33/soft-float/no-interrupts/libnrf_cc312_platform_0.9.19.a(pka.c.obj)
                0x0000000000009c48                PkaFinishAndMutexUnlock
 .text.PkaCopyDataFromPkaReg
                0x0000000000009c9c       0x54 /opt/nordic/ncs/v3.0.0/nrfxlib/crypto/nrf_cc312_platform/lib/cortex-m33/soft-float/no-interrupts/libnrf_cc312_platform_0.9.19.a(pka.c.obj)
                0x0000000000009c9c                PkaCopyDataFromPkaReg
 .text.PkaCopyDataIntoPkaReg
                0x0000000000009cf0       0xdc /opt/nordic/ncs/v3.0.0/nrfxlib/crypto/nrf_cc312_platform/lib/cortex-m33/soft-float/no-interrupts/libnrf_cc312_platform_0.9.19.a(pka.c.obj)
                0x0000000000009cf0                PkaCopyDataIntoPkaReg
 .text.ProcessAesCcmDrv
                0x0000000000009dcc      0x390 /opt/nordic/ncs/v3.0.0/nrfxlib/crypto/nrf_cc312_platform/lib/cortex-m33/soft-float/no-interrupts/libnrf_cc312_platform_0.9.19.a(aesccm_driver.c.obj)
                0x0000000000009dcc                ProcessAesCcmDrv
 .text.block_cipher_df
                0x000000000000a15c      0x1d0 /opt/nordic/ncs/v3.0.0/nrfxlib/crypto/nrf_cc312_platform/lib/cortex-m33/soft-float/no-interrupts/libnrf_cc312_platform_0.9.19.a(ctr_drbg.c.obj)
 .text.ctr_drbg_update_internal
                0x000000000000a32c      0x174 /opt/nordic/ncs/v3.0.0/nrfxlib/crypto/nrf_cc312_platform/lib/cortex-m33/soft-float/no-interrupts/libnrf_cc312_platform_0.9.19.a(ctr_drbg.c.obj)
 .text.mbedtls_ctr_drbg_reseed_internal
                0x000000000000a4a0       0xc4 /opt/nordic/ncs/v3.0.0/nrfxlib/crypto/nrf_cc312_platform/lib/cortex-m33/soft-float/no-interrupts/libnrf_cc312_platform_0.9.19.a(ctr_drbg.c.obj)
 .text.cc_mbedtls_ctr_drbg_init
                0x000000000000a564       0x2c /opt/nordic/ncs/v3.0.0/nrfxlib/crypto/nrf_cc312_platform/lib/cortex-m33/soft-float/no-interrupts/libnrf_cc312_platform_0.9.19.a(ctr_drbg.c.obj)
                0x000000000000a564                cc_mbedtls_ctr_drbg_init
 .text.cc_mbedtls_ctr_drbg_seed
                0x000000000000a590       0xa0 /opt/nordic/ncs/v3.0.0/nrfxlib/crypto/nrf_cc312_platform/lib/cortex-m33/soft-float/no-interrupts/libnrf_cc312_platform_0.9.19.a(ctr_drbg.c.obj)
                0x000000000000a590                cc_mbedtls_ctr_drbg_seed
 .text.cc_mbedtls_ctr_drbg_random_with_add
                0x000000000000a630      0x1e4 /opt/nordic/ncs/v3.0.0/nrfxlib/crypto/nrf_cc312_platform/lib/cortex-m33/soft-float/no-interrupts/libnrf_cc312_platform_0.9.19.a(ctr_drbg.c.obj)
                0x000000000000a630                cc_mbedtls_ctr_drbg_random_with_add
 .text.entropy_update
                0x000000000000a814       0x7c /opt/nordic/ncs/v3.0.0/nrfxlib/crypto/nrf_cc312_platform/lib/cortex-m33/soft-float/no-interrupts/libnrf_cc312_platform_0.9.19.a(custom_entropy.c.obj)
 .text.entropy_gather_internal.part.0
                0x000000000000a890       0x88 /opt/nordic/ncs/v3.0.0/nrfxlib/crypto/nrf_cc312_platform/lib/cortex-m33/soft-float/no-interrupts/libnrf_cc312_platform_0.9.19.a(custom_entropy.c.obj)
 .text.cc_mbedtls_entropy_init
                0x000000000000a918       0x84 /opt/nordic/ncs/v3.0.0/nrfxlib/crypto/nrf_cc312_platform/lib/cortex-m33/soft-float/no-interrupts/libnrf_cc312_platform_0.9.19.a(custom_entropy.c.obj)
                0x000000000000a918                cc_mbedtls_entropy_init
 .text.cc_mbedtls_entropy_func
                0x000000000000a99c      0x110 /opt/nordic/ncs/v3.0.0/nrfxlib/crypto/nrf_cc312_platform/lib/cortex-m33/soft-float/no-interrupts/libnrf_cc312_platform_0.9.19.a(custom_entropy.c.obj)
                0x000000000000a99c                cc_mbedtls_entropy_func
 .text.UtilCmacBuildDataForDerivation
                0x000000000000aaac       0xc0 /opt/nordic/ncs/v3.0.0/nrfxlib/crypto/nrf_cc312_platform/lib/cortex-m33/soft-float/no-interrupts/libnrf_cc312_platform_0.9.19.a(cc_util_cmac.c.obj)
                0x000000000000aaac                UtilCmacBuildDataForDerivation
 .text.RndStartupTest.constprop.0
                0x000000000000ab6c       0xac /opt/nordic/ncs/v3.0.0/nrfxlib/crypto/nrf_cc312_platform/lib/cortex-m33/soft-float/no-interrupts/libnrf_cc312_platform_0.9.19.a(cc_lib.c.obj)
 .text.CC_LibInit
                0x000000000000ac18       0x74 /opt/nordic/ncs/v3.0.0/nrfxlib/crypto/nrf_cc312_platform/lib/cortex-m33/soft-float/no-interrupts/libnrf_cc312_platform_0.9.19.a(cc_lib.c.obj)
                0x000000000000ac18                CC_LibInit
 .text.CC_PalDataBufferAttrGet
                0x000000000000ac8c        0x8 /opt/nordic/ncs/v3.0.0/nrfxlib/crypto/nrf_cc312_platform/lib/cortex-m33/soft-float/no-interrupts/libnrf_cc312_platform_0.9.19.a(cc_pal_buff_attr.c.obj)
                0x000000000000ac8c                CC_PalDataBufferAttrGet
 .text.startTrngHW
                0x000000000000ac94      0x130 /opt/nordic/ncs/v3.0.0/nrfxlib/crypto/nrf_cc312_platform/lib/cortex-m33/soft-float/no-interrupts/libnrf_cc312_platform_0.9.19.a(llf_rnd_trng90b.c.obj)
 .text.LLF_RND_RepetitionCounterTest
                0x000000000000adc4       0x64 /opt/nordic/ncs/v3.0.0/nrfxlib/crypto/nrf_cc312_platform/lib/cortex-m33/soft-float/no-interrupts/libnrf_cc312_platform_0.9.19.a(llf_rnd_trng90b.c.obj)
                0x000000000000adc4                LLF_RND_RepetitionCounterTest
 .text.LLF_RND_AdaptiveProportionTest
                0x000000000000ae28       0x80 /opt/nordic/ncs/v3.0.0/nrfxlib/crypto/nrf_cc312_platform/lib/cortex-m33/soft-float/no-interrupts/libnrf_cc312_platform_0.9.19.a(llf_rnd_trng90b.c.obj)
                0x000000000000ae28                LLF_RND_AdaptiveProportionTest
 .text.getTrngSource
                0x000000000000aea8      0x2a8 /opt/nordic/ncs/v3.0.0/nrfxlib/crypto/nrf_cc312_platform/lib/cortex-m33/soft-float/no-interrupts/libnrf_cc312_platform_0.9.19.a(llf_rnd_trng90b.c.obj)
 .text.LLF_RND_GetTrngSource
                0x000000000000b150       0x18 /opt/nordic/ncs/v3.0.0/nrfxlib/crypto/nrf_cc312_platform/lib/cortex-m33/soft-float/no-interrupts/libnrf_cc312_platform_0.9.19.a(llf_rnd_trng90b.c.obj)
                0x000000000000b150                LLF_RND_GetTrngSource
 .text.LLF_RND_RunTrngStartupTest
                0x000000000000b168       0x1c /opt/nordic/ncs/v3.0.0/nrfxlib/crypto/nrf_cc312_platform/lib/cortex-m33/soft-float/no-interrupts/libnrf_cc312_platform_0.9.19.a(llf_rnd_trng90b.c.obj)
                0x000000000000b168                LLF_RND_RunTrngStartupTest
 .text.mbedtls_hardware_poll
                0x000000000000b184      0x104 /opt/nordic/ncs/v3.0.0/nrfxlib/crypto/nrf_cc312_platform/lib/cortex-m33/soft-float/no-interrupts/libnrf_cc312_platform_0.9.19.a(trng_api.c.obj)
                0x000000000000b184                mbedtls_hardware_poll
 .text.cc_mbedtls_aes_init
                0x000000000000b288       0x20 /opt/nordic/ncs/v3.0.0/nrfxlib/crypto/nrf_cc312_platform/lib/cortex-m33/soft-float/no-interrupts/libnrf_cc312_platform_0.9.19.a(aes_alt.c.obj)
                0x000000000000b288                cc_mbedtls_aes_init
 .text.cc_mbedtls_aes_free
                0x000000000000b2a8        0xc /opt/nordic/ncs/v3.0.0/nrfxlib/crypto/nrf_cc312_platform/lib/cortex-m33/soft-float/no-interrupts/libnrf_cc312_platform_0.9.19.a(aes_alt.c.obj)
                0x000000000000b2a8                cc_mbedtls_aes_free
 .text.cc_mbedtls_aes_setkey_enc
                0x000000000000b2b4       0x44 /opt/nordic/ncs/v3.0.0/nrfxlib/crypto/nrf_cc312_platform/lib/cortex-m33/soft-float/no-interrupts/libnrf_cc312_platform_0.9.19.a(aes_alt.c.obj)
                0x000000000000b2b4                cc_mbedtls_aes_setkey_enc
 .text.cc_mbedtls_aes_crypt_ecb
                0x000000000000b2f8       0x50 /opt/nordic/ncs/v3.0.0/nrfxlib/crypto/nrf_cc312_platform/lib/cortex-m33/soft-float/no-interrupts/libnrf_cc312_platform_0.9.19.a(aes_alt.c.obj)
                0x000000000000b2f8                cc_mbedtls_aes_crypt_ecb
 .text.cc_mbedtls_sha256_init
                0x000000000000b348       0x28 /opt/nordic/ncs/v3.0.0/nrfxlib/crypto/nrf_cc312_platform/lib/cortex-m33/soft-float/no-interrupts/libnrf_cc312_platform_0.9.19.a(sha256_alt.c.obj)
                0x000000000000b348                cc_mbedtls_sha256_init
 .text.cc_mbedtls_sha256_free
                0x000000000000b370        0xc /opt/nordic/ncs/v3.0.0/nrfxlib/crypto/nrf_cc312_platform/lib/cortex-m33/soft-float/no-interrupts/libnrf_cc312_platform_0.9.19.a(sha256_alt.c.obj)
                0x000000000000b370                cc_mbedtls_sha256_free
 .text.cc_mbedtls_sha256_starts
                0x000000000000b37c       0x28 /opt/nordic/ncs/v3.0.0/nrfxlib/crypto/nrf_cc312_platform/lib/cortex-m33/soft-float/no-interrupts/libnrf_cc312_platform_0.9.19.a(sha256_alt.c.obj)
                0x000000000000b37c                cc_mbedtls_sha256_starts
 .text.cc_mbedtls_sha256_update
                0x000000000000b3a4       0x54 /opt/nordic/ncs/v3.0.0/nrfxlib/crypto/nrf_cc312_platform/lib/cortex-m33/soft-float/no-interrupts/libnrf_cc312_platform_0.9.19.a(sha256_alt.c.obj)
                0x000000000000b3a4                cc_mbedtls_sha256_update
 .text.cc_mbedtls_sha256_finish
                0x000000000000b3f8       0x48 /opt/nordic/ncs/v3.0.0/nrfxlib/crypto/nrf_cc312_platform/lib/cortex-m33/soft-float/no-interrupts/libnrf_cc312_platform_0.9.19.a(sha256_alt.c.obj)
                0x000000000000b3f8                cc_mbedtls_sha256_finish
 .text.mbedtls_sha_starts_internal
                0x000000000000b440       0x28 /opt/nordic/ncs/v3.0.0/nrfxlib/crypto/nrf_cc312_platform/lib/cortex-m33/soft-float/no-interrupts/libnrf_cc312_platform_0.9.19.a(mbedtls_hash_common.c.obj)
                0x000000000000b440                mbedtls_sha_starts_internal
 .text.mbedtls_sha_finish_internal
                0x000000000000b468       0x5c /opt/nordic/ncs/v3.0.0/nrfxlib/crypto/nrf_cc312_platform/lib/cortex-m33/soft-float/no-interrupts/libnrf_cc312_platform_0.9.19.a(mbedtls_hash_common.c.obj)
                0x000000000000b468                mbedtls_sha_finish_internal
 .text.mbedtls_sha_update_internal
                0x000000000000b4c4      0x1ec /opt/nordic/ncs/v3.0.0/nrfxlib/crypto/nrf_cc312_platform/lib/cortex-m33/soft-float/no-interrupts/libnrf_cc312_platform_0.9.19.a(mbedtls_hash_common.c.obj)
                0x000000000000b4c4                mbedtls_sha_update_internal
 .text.cc_mbedtls_sha256
                0x000000000000b6b0       0x50 /opt/nordic/ncs/v3.0.0/nrfxlib/crypto/nrf_cc312_platform/lib/cortex-m33/soft-float/no-interrupts/libnrf_cc312_platform_0.9.19.a(sha256.c.obj)
                0x000000000000b6b0                cc_mbedtls_sha256
 .text.RNG_PLAT_SetUserRngParameters
                0x000000000000b700       0x74 /opt/nordic/ncs/v3.0.0/nrfxlib/crypto/nrf_cc312_platform/lib/cortex-m33/soft-float/no-interrupts/libnrf_cc312_platform_0.9.19.a(cc_rng_plat.c.obj)
                0x000000000000b700                RNG_PLAT_SetUserRngParameters
 .text.CC_PalTrngParamGet
                0x000000000000b774       0xac /opt/nordic/ncs/v3.0.0/nrfxlib/crypto/nrf_cc312_platform/lib/cortex-m33/soft-float/no-interrupts/libnrf_cc312_platform_0.9.19.a(cc_pal_trng.c.obj)
                0x000000000000b774                CC_PalTrngParamGet
 .text.LLF_RND_WaitRngInterrupt
                0x000000000000b820       0x20 /opt/nordic/ncs/v3.0.0/nrfxlib/crypto/nrf_cc312_platform/lib/cortex-m33/soft-float/no-interrupts/libnrf_cc312_platform_0.9.19.a(llf_rnd.c.obj)
                0x000000000000b820                LLF_RND_WaitRngInterrupt
 .text.LLF_RND_GetRoscSampleCnt
                0x000000000000b840       0x34 /opt/nordic/ncs/v3.0.0/nrfxlib/crypto/nrf_cc312_platform/lib/cortex-m33/soft-float/no-interrupts/libnrf_cc312_platform_0.9.19.a(llf_rnd.c.obj)
                0x000000000000b840                LLF_RND_GetRoscSampleCnt
 .text.LLF_RND_GetFastestRosc
                0x000000000000b874       0x20 /opt/nordic/ncs/v3.0.0/nrfxlib/crypto/nrf_cc312_platform/lib/cortex-m33/soft-float/no-interrupts/libnrf_cc312_platform_0.9.19.a(llf_rnd.c.obj)
                0x000000000000b874                LLF_RND_GetFastestRosc
 .text.LLF_RND_TurnOffTrng
                0x000000000000b894       0x24 /opt/nordic/ncs/v3.0.0/nrfxlib/crypto/nrf_cc312_platform/lib/cortex-m33/soft-float/no-interrupts/libnrf_cc312_platform_0.9.19.a(llf_rnd.c.obj)
                0x000000000000b894                LLF_RND_TurnOffTrng
 .text.exit     0x000000000000b8b8       0x1c /opt/nordic/ncs/toolchains/ef4fc6722e/opt/zephyr-sdk/arm-zephyr-eabi/bin/../lib/gcc/../../picolibc/arm-zephyr-eabi/lib/thumb/v8-m.main/nofp/libc.a(libc_stdlib_pico-exit.c.o)
                0x000000000000b8b8                exit
 .text.puts     0x000000000000b8d4       0x40 /opt/nordic/ncs/toolchains/ef4fc6722e/opt/zephyr-sdk/arm-zephyr-eabi/bin/../lib/gcc/../../picolibc/arm-zephyr-eabi/lib/thumb/v8-m.main/nofp/libc.a(libc_tinystdio_puts.c.o)
                0x000000000000b8d4                puts
 .text.__l_vfprintf
                0x000000000000b914      0x4b4 /opt/nordic/ncs/toolchains/ef4fc6722e/opt/zephyr-sdk/arm-zephyr-eabi/bin/../lib/gcc/../../picolibc/arm-zephyr-eabi/lib/thumb/v8-m.main/nofp/libc.a(libc_tinystdio_vflprintf.c.o)
                0x000000000000b914                __l_vfprintf
 .text.__libc_fini_array
                0x000000000000bdc8       0x2c /opt/nordic/ncs/toolchains/ef4fc6722e/opt/zephyr-sdk/arm-zephyr-eabi/bin/../lib/gcc/../../picolibc/arm-zephyr-eabi/lib/thumb/v8-m.main/nofp/libc.a(libc_misc_fini.c.o)
                0x000000000000bdc8                __libc_fini_array
 .text._OffsetAbsSyms
                0x000000000000bdf4        0x2 zephyr/CMakeFiles/offsets.dir/./arch/arm/core/offsets/offsets.c.obj
                0x000000000000bdf4                _OffsetAbsSyms
 .text.fill_bytes
                0x000000000000bdf6       0x1a app/libapp.a(main.c.obj)
 .text.aes_addroundkey
                0x000000000000be10       0x1c app/libapp.a(main.c.obj)
 .text.qr       0x000000000000be2c       0x6a app/libapp.a(main.c.obj)
 .text.test_hw_ccm_quiet
                0x000000000000be96        0x6 app/libapp.a(main.c.obj)
 .text.poly_blocks.constprop.0
                0x000000000000be9c      0x194 app/libapp.a(main.c.obj)
 .text.test_sw_chacha
                0x000000000000c030        0x4 app/libapp.a(main.c.obj)
 .text.aes128_encrypt_block
                0x000000000000c034      0x1da app/libapp.a(main.c.obj)
 .text.test_sw_aes
                0x000000000000c20e        0x4 app/libapp.a(main.c.obj)
 .text.LZ4_decompress_safe
                0x000000000000c212       0xb2 app/libapp.a(lz4.c.obj)
                0x000000000000c212                LZ4_decompress_safe
 .text.chunk_field
                0x000000000000c2c4       0x16 zephyr/libzephyr.a(heap.c.obj)
 .text.chunk_set
                0x000000000000c2da       0x16 zephyr/libzephyr.a(heap.c.obj)
 .text.chunk_size
                0x000000000000c2f0        0xc zephyr/libzephyr.a(heap.c.obj)
 .text.set_chunk_used
                0x000000000000c2fc       0x30 zephyr/libzephyr.a(heap.c.obj)
 .text.set_chunk_size
                0x000000000000c32c        0x8 zephyr/libzephyr.a(heap.c.obj)
 .text.bucket_idx.isra.0
                0x000000000000c334       0x1c zephyr/libzephyr.a(heap.c.obj)
 .text.free_list_add
                0x000000000000c350       0x84 zephyr/libzephyr.a(heap.c.obj)
 .text.sys_heap_init
                0x000000000000c3d4       0xb0 zephyr/libzephyr.a(heap.c.obj)
                0x000000000000c3d4                sys_heap_init
 .text.arch_printk_char_out
                0x000000000000c484        0x4 zephyr/libzephyr.a(printk.c.obj)
                0x000000000000c484                arch_printk_char_out
 .text.printk   0x000000000000c488       0x1a zephyr/libzephyr.a(printk.c.obj)
                0x000000000000c488                printk
 .text.process_recheck
                0x000000000000c4a2       0x38 zephyr/libzephyr.a(onoff.c.obj)
 .text.validate_args
                0x000000000000c4da       0x20 zephyr/libzephyr.a(onoff.c.obj)
 .text.notify_one
                0x000000000000c4fa       0x2c zephyr/libzephyr.a(onoff.c.obj)
 .text.transition_complete
                0x000000000000c526       0x1a zephyr/libzephyr.a(onoff.c.obj)
 .text.onoff_manager_init
                0x000000000000c540       0x26 zephyr/libzephyr.a(onoff.c.obj)
                0x000000000000c540                onoff_manager_init
 .text.onoff_request
                0x000000000000c566       0xae zephyr/libzephyr.a(onoff.c.obj)
                0x000000000000c566                onoff_request
 .text.sys_notify_validate
                0x000000000000c614       0x22 zephyr/libzephyr.a(notify.c.obj)
                0x000000000000c614                sys_notify_validate
 .text.sys_notify_finalize
                0x000000000000c636       0x1a zephyr/libzephyr.a(notify.c.obj)
                0x000000000000c636                sys_notify_finalize
 .text._ConfigAbsSyms
                0x000000000000c650        0x2 zephyr/libzephyr.a(configs.c.obj)
                0x000000000000c650                _ConfigAbsSyms
 .text.abort_function
                0x000000000000c652        0x2 zephyr/libzephyr.a(nrf_cc3xx_platform_abort_zephyr.c.obj)
 .text.z_arm_fatal_error
                0x000000000000c654        0xc zephyr/arch/arch/arm/core/libarch__arm__core.a(fatal.c.obj)
                0x000000000000c654                z_arm_fatal_error
 .text.z_do_kernel_oops
                0x000000000000c660        0x8 zephyr/arch/arch/arm/core/libarch__arm__core.a(fatal.c.obj)
                0x000000000000c660                z_do_kernel_oops
 .text.z_arm_nmi
                0x000000000000c668        0xe zephyr/arch/arch/arm/core/libarch__arm__core.a(nmi.c.obj)
                0x000000000000c668                z_arm_nmi
 .text.z_irq_spurious
                0x000000000000c676        0x8 zephyr/arch/arch/arm/core/cortex_m/libarch__arm__core__cortex_m.a(irq_manage.c.obj)
                0x000000000000c676                z_irq_spurious
 .text.configure_builtin_stack_guard
                0x000000000000c67e        0x8 zephyr/arch/arch/arm/core/cortex_m/libarch__arm__core__cortex_m.a(thread.c.obj)
                0x000000000000c67e                configure_builtin_stack_guard
 .text.arch_irq_unlock_outlined
                0x000000000000c686        0xe zephyr/arch/arch/arm/core/cortex_m/libarch__arm__core__cortex_m.a(thread.c.obj)
                0x000000000000c686                arch_irq_unlock_outlined
 .text.arch_cpu_idle